Component: Arm Compiler for Embedded 6.18 Tool: armlink [5e4cc100]

==============================================================================

Section Cross References

    main.o(.text) refers to timer.o(.text) for tim4_init
    main.o(.text) refers to main.o(.bss.cycle_counter_4bit) for [Anonymous Symbol]
    main.o(.ARM.exidx) refers to main.o(.text) for [Anonymous Symbol]
    timer.o(.ARM.exidx) refers to timer.o(.text) for [Anonymous Symbol]
    datainit_ctboard.o(.text) refers to __scatter.o(!!!scatter) for __scatterload
    datainit_ctboard.o(.text) refers to main.o(.text) for main
    datainit_ctboard.o(.text) refers (Weak) to startup_ctboard.o(STACK) for Stack_Mem
    startup_ctboard.o(RESET) refers to startup_ctboard.o(STACK) for __initial_sp
    startup_ctboard.o(RESET) refers to startup_ctboard.o(.text) for Reset_Handler
    startup_ctboard.o(RESET) refers to main.o(.text) for TIM4_IRQHandler
    startup_ctboard.o(.text) refers to system_ctboard.o(.text) for __system
    startup_ctboard.o(.text) refers to datainit_ctboard.o(.text) for __main
    system_ctboard.o(.text) refers to hal_rcc.o(.text) for hal_rcc_reset
    system_ctboard.o(.text) refers to hal_pwr.o(.text) for hal_pwr_set_overdrive
    system_ctboard.o(.text) refers to hal_gpio.o(.text) for hal_gpio_init_alternate
    system_ctboard.o(.text) refers to hal_fmc.o(.text) for hal_fmc_init_sram
    system_ctboard.o(.ARM.exidx) refers to system_ctboard.o(.text) for [Anonymous Symbol]
    hal_fmc.o(.ARM.exidx) refers to hal_fmc.o(.text) for [Anonymous Symbol]
    hal_gpio.o(.text) refers to aeabi_sdiv.o(.text) for __aeabi_uidiv
    hal_gpio.o(.ARM.exidx) refers to hal_gpio.o(.text) for [Anonymous Symbol]
    hal_pwr.o(.ARM.exidx) refers to hal_pwr.o(.text) for [Anonymous Symbol]
    hal_rcc.o(.ARM.exidx) refers to hal_rcc.o(.text) for [Anonymous Symbol]
    __scatter.o(!!!scatter) refers to __rtentry.o(.ARM.Collect$$rtentry$$00000000) for __rt_entry
    __rtentry.o(.ARM.Collect$$rtentry$$00000000) refers (Special) to __rtentry2.o(.ARM.Collect$$rtentry$$0000000A) for __rt_entry_li
    __rtentry.o(.ARM.Collect$$rtentry$$00000000) refers (Special) to __rtentry2.o(.ARM.Collect$$rtentry$$0000000D) for __rt_entry_main
    __rtentry.o(.ARM.Collect$$rtentry$$00000000) refers (Special) to __rtentry2.o(.ARM.Collect$$rtentry$$0000000C) for __rt_entry_postli_1
    __rtentry.o(.ARM.Collect$$rtentry$$00000000) refers (Special) to __rtentry2.o(.ARM.Collect$$rtentry$$00000009) for __rt_entry_postsh_1
    __rtentry.o(.ARM.Collect$$rtentry$$00000000) refers (Special) to __rtentry2.o(.ARM.Collect$$rtentry$$00000002) for __rt_entry_presh_1
    __rtentry.o(.ARM.Collect$$rtentry$$00000000) refers (Special) to __rtentry4.o(.ARM.Collect$$rtentry$$00000004) for __rt_entry_sh
    aeabi_idiv0_sigfpe.o(.text) refers to rt_div0.o(.text) for __rt_div0
    __rtentry2.o(.ARM.Collect$$rtentry$$00000008) refers to boardinit2.o(.text) for _platform_post_stackheap_init
    __rtentry2.o(.ARM.Collect$$rtentry$$0000000A) refers to libinit.o(.ARM.Collect$$libinit$$00000000) for __rt_lib_init
    __rtentry2.o(.ARM.Collect$$rtentry$$0000000B) refers to boardinit3.o(.text) for _platform_post_lib_init
    __rtentry2.o(.ARM.Collect$$rtentry$$0000000D) refers to main.o(.text) for main
    __rtentry2.o(.ARM.Collect$$rtentry$$0000000D) refers to exit.o(.text) for exit
    __rtentry2.o(.ARM.exidx) refers to __rtentry2.o(.ARM.Collect$$rtentry$$00000001) for .ARM.Collect$$rtentry$$00000001
    __rtentry2.o(.ARM.exidx) refers to __rtentry2.o(.ARM.Collect$$rtentry$$00000008) for .ARM.Collect$$rtentry$$00000008
    __rtentry2.o(.ARM.exidx) refers to __rtentry2.o(.ARM.Collect$$rtentry$$0000000A) for .ARM.Collect$$rtentry$$0000000A
    __rtentry2.o(.ARM.exidx) refers to __rtentry2.o(.ARM.Collect$$rtentry$$0000000B) for .ARM.Collect$$rtentry$$0000000B
    __rtentry2.o(.ARM.exidx) refers to __rtentry2.o(.ARM.Collect$$rtentry$$0000000D) for .ARM.Collect$$rtentry$$0000000D
    __rtentry4.o(.ARM.Collect$$rtentry$$00000004) refers to datainit_ctboard.o(.text) for __user_setup_stackheap
    __rtentry4.o(.ARM.exidx) refers to __rtentry4.o(.ARM.Collect$$rtentry$$00000004) for .ARM.Collect$$rtentry$$00000004
    rt_div0.o(.text) refers to defsig_fpe_outer.o(.text) for __rt_SIGFPE
    exit.o(.text) refers to rtexit.o(.ARM.Collect$$rtexit$$00000000) for __rt_exit
    defsig_fpe_outer.o(.text) refers to defsig_fpe_inner.o(.text) for __rt_SIGFPE_inner
    defsig_fpe_outer.o(.text) refers to defsig_exit.o(.text) for __sig_exit
    defsig_fpe_formal.o(.text) refers to rt_raise.o(.text) for __rt_raise
    libinit.o(.ARM.Collect$$libinit$$00000000) refers (Special) to libinit2.o(.ARM.Collect$$libinit$$00000030) for __rt_lib_init_alloca_1
    libinit.o(.ARM.Collect$$libinit$$00000000) refers (Special) to libinit2.o(.ARM.Collect$$libinit$$0000002E) for __rt_lib_init_argv_1
    libinit.o(.ARM.Collect$$libinit$$00000000) refers (Special) to libinit2.o(.ARM.Collect$$libinit$$0000001D) for __rt_lib_init_atexit_1
    libinit.o(.ARM.Collect$$libinit$$00000000) refers (Special) to libinit2.o(.ARM.Collect$$libinit$$00000023) for __rt_lib_init_clock_1
    libinit.o(.ARM.Collect$$libinit$$00000000) refers (Special) to libinit2.o(.ARM.Collect$$libinit$$00000034) for __rt_lib_init_cpp_1
    libinit.o(.ARM.Collect$$libinit$$00000000) refers (Special) to libinit2.o(.ARM.Collect$$libinit$$00000032) for __rt_lib_init_exceptions_1
    libinit.o(.ARM.Collect$$libinit$$00000000) refers (Special) to libinit2.o(.ARM.Collect$$libinit$$00000002) for __rt_lib_init_fp_1
    libinit.o(.ARM.Collect$$libinit$$00000000) refers (Special) to libinit2.o(.ARM.Collect$$libinit$$00000021) for __rt_lib_init_fp_trap_1
    libinit.o(.ARM.Collect$$libinit$$00000000) refers (Special) to libinit2.o(.ARM.Collect$$libinit$$00000025) for __rt_lib_init_getenv_1
    libinit.o(.ARM.Collect$$libinit$$00000000) refers (Special) to libinit2.o(.ARM.Collect$$libinit$$0000000C) for __rt_lib_init_heap_1
    libinit.o(.ARM.Collect$$libinit$$00000000) refers (Special) to libinit2.o(.ARM.Collect$$libinit$$00000013) for __rt_lib_init_lc_collate_1
    libinit.o(.ARM.Collect$$libinit$$00000000) refers (Special) to libinit2.o(.ARM.Collect$$libinit$$00000015) for __rt_lib_init_lc_ctype_1
    libinit.o(.ARM.Collect$$libinit$$00000000) refers (Special) to libinit2.o(.ARM.Collect$$libinit$$00000017) for __rt_lib_init_lc_monetary_1
    libinit.o(.ARM.Collect$$libinit$$00000000) refers (Special) to libinit2.o(.ARM.Collect$$libinit$$00000019) for __rt_lib_init_lc_numeric_1
    libinit.o(.ARM.Collect$$libinit$$00000000) refers (Special) to libinit2.o(.ARM.Collect$$libinit$$0000001B) for __rt_lib_init_lc_time_1
    libinit.o(.ARM.Collect$$libinit$$00000000) refers (Special) to libinit2.o(.ARM.Collect$$libinit$$00000006) for __rt_lib_init_preinit_1
    libinit.o(.ARM.Collect$$libinit$$00000000) refers (Special) to libinit2.o(.ARM.Collect$$libinit$$00000010) for __rt_lib_init_rand_1
    libinit.o(.ARM.Collect$$libinit$$00000000) refers (Special) to libinit2.o(.ARM.Collect$$libinit$$00000004) for __rt_lib_init_relocate_pie_1
    libinit.o(.ARM.Collect$$libinit$$00000000) refers (Special) to libinit2.o(.ARM.Collect$$libinit$$00000035) for __rt_lib_init_return
    libinit.o(.ARM.Collect$$libinit$$00000000) refers (Special) to libinit2.o(.ARM.Collect$$libinit$$0000001F) for __rt_lib_init_signal_1
    libinit.o(.ARM.Collect$$libinit$$00000000) refers (Special) to libinit2.o(.ARM.Collect$$libinit$$00000027) for __rt_lib_init_stdio_1
    libinit.o(.ARM.Collect$$libinit$$00000000) refers (Special) to libinit2.o(.ARM.Collect$$libinit$$0000000E) for __rt_lib_init_user_alloc_1
    rtexit.o(.ARM.Collect$$rtexit$$00000000) refers (Special) to rtexit2.o(.ARM.Collect$$rtexit$$00000004) for __rt_exit_exit
    rtexit.o(.ARM.Collect$$rtexit$$00000000) refers (Special) to rtexit2.o(.ARM.Collect$$rtexit$$00000003) for __rt_exit_ls
    rtexit.o(.ARM.Collect$$rtexit$$00000000) refers (Special) to rtexit2.o(.ARM.Collect$$rtexit$$00000002) for __rt_exit_prels_1
    rtexit.o(.ARM.exidx) refers (Special) to rtexit2.o(.ARM.Collect$$rtexit$$00000004) for __rt_exit_exit
    rtexit.o(.ARM.exidx) refers (Special) to rtexit2.o(.ARM.Collect$$rtexit$$00000003) for __rt_exit_ls
    rtexit.o(.ARM.exidx) refers (Special) to rtexit2.o(.ARM.Collect$$rtexit$$00000002) for __rt_exit_prels_1
    rtexit.o(.ARM.exidx) refers to rtexit.o(.ARM.Collect$$rtexit$$00000000) for .ARM.Collect$$rtexit$$00000000
    rt_raise.o(.text) refers to __raise.o(.text) for __raise
    rt_raise.o(.text) refers to sys_exit.o(.text) for _sys_exit
    defsig_exit.o(.text) refers to sys_exit.o(.text) for _sys_exit
    defsig_fpe_inner.o(.text) refers to defsig_general.o(.text) for __default_signal_display
    libinit2.o(.ARM.Collect$$libinit$$00000012) refers to libinit2.o(.ARM.Collect$$libinit$$00000011) for .ARM.Collect$$libinit$$00000011
    libinit2.o(.ARM.Collect$$libinit$$00000014) refers to libinit2.o(.ARM.Collect$$libinit$$00000011) for .ARM.Collect$$libinit$$00000011
    libinit2.o(.ARM.Collect$$libinit$$00000016) refers to libinit2.o(.ARM.Collect$$libinit$$00000011) for .ARM.Collect$$libinit$$00000011
    libinit2.o(.ARM.Collect$$libinit$$00000018) refers to libinit2.o(.ARM.Collect$$libinit$$00000011) for .ARM.Collect$$libinit$$00000011
    libinit2.o(.ARM.Collect$$libinit$$0000001A) refers to libinit2.o(.ARM.Collect$$libinit$$00000011) for .ARM.Collect$$libinit$$00000011
    libinit2.o(.ARM.Collect$$libinit$$00000028) refers to argv_veneer.o(.text) for __ARM_argv_veneer
    libinit2.o(.ARM.Collect$$libinit$$00000029) refers to argv_veneer.o(.text) for __ARM_argv_veneer
    sys_exit.o(.text) refers (Special) to use_no_semi.o(.text) for __I$use$semihosting
    sys_exit.o(.text) refers (Special) to indicate_semi.o(.text) for __semihosting_library_function
    sys_exit_hlt.o(.text) refers (Special) to use_no_semi.o(.text) for __I$use$semihosting
    sys_exit_hlt.o(.text) refers (Special) to indicate_semi.o(.text) for __semihosting_library_function
    rtexit2.o(.ARM.Collect$$rtexit$$00000003) refers to libshutdown.o(.ARM.Collect$$libshutdown$$00000000) for __rt_lib_shutdown
    rtexit2.o(.ARM.Collect$$rtexit$$00000004) refers to sys_exit.o(.text) for _sys_exit
    rtexit2.o(.ARM.exidx) refers to rtexit2.o(.ARM.Collect$$rtexit$$00000001) for .ARM.Collect$$rtexit$$00000001
    rtexit2.o(.ARM.exidx) refers to rtexit2.o(.ARM.Collect$$rtexit$$00000003) for .ARM.Collect$$rtexit$$00000003
    rtexit2.o(.ARM.exidx) refers to rtexit2.o(.ARM.Collect$$rtexit$$00000004) for .ARM.Collect$$rtexit$$00000004
    __raise.o(.text) refers to defsig.o(CL$$defsig) for __default_signal_handler
    defsig_general.o(.text) refers to sys_wrch.o(.text) for _ttywrch
    sys_wrch.o(.text) refers (Special) to use_no_semi.o(.text) for __I$use$semihosting
    sys_wrch.o(.text) refers (Special) to indicate_semi.o(.text) for __semihosting_library_function
    sys_wrch_hlt.o(.text) refers (Special) to use_no_semi.o(.text) for __I$use$semihosting
    sys_wrch_hlt.o(.text) refers (Special) to indicate_semi.o(.text) for __semihosting_library_function
    defsig.o(CL$$defsig) refers to defsig_fpe_inner.o(.text) for __rt_SIGFPE_inner
    defsig.o(CL$$defsig) refers to defsig_rtmem_inner.o(.text) for __rt_SIGRTMEM_inner
    _get_argv_nomalloc.o(.text) refers (Special) to hrguard.o(.text) for __heap_region$guard
    _get_argv_nomalloc.o(.text) refers to defsig_rtmem_outer.o(.text) for __rt_SIGRTMEM
    _get_argv_nomalloc.o(.text) refers to sys_command.o(.text) for _sys_command_string
    libshutdown.o(.ARM.Collect$$libshutdown$$00000000) refers (Special) to libshutdown2.o(.ARM.Collect$$libshutdown$$00000002) for __rt_lib_shutdown_cpp_1
    libshutdown.o(.ARM.Collect$$libshutdown$$00000000) refers (Special) to libshutdown2.o(.ARM.Collect$$libshutdown$$00000007) for __rt_lib_shutdown_fp_trap_1
    libshutdown.o(.ARM.Collect$$libshutdown$$00000000) refers (Special) to libshutdown2.o(.ARM.Collect$$libshutdown$$0000000F) for __rt_lib_shutdown_heap_1
    libshutdown.o(.ARM.Collect$$libshutdown$$00000000) refers (Special) to libshutdown2.o(.ARM.Collect$$libshutdown$$00000010) for __rt_lib_shutdown_return
    libshutdown.o(.ARM.Collect$$libshutdown$$00000000) refers (Special) to libshutdown2.o(.ARM.Collect$$libshutdown$$0000000A) for __rt_lib_shutdown_signal_1
    libshutdown.o(.ARM.Collect$$libshutdown$$00000000) refers (Special) to libshutdown2.o(.ARM.Collect$$libshutdown$$00000004) for __rt_lib_shutdown_stdio_1
    libshutdown.o(.ARM.Collect$$libshutdown$$00000000) refers (Special) to libshutdown2.o(.ARM.Collect$$libshutdown$$0000000C) for __rt_lib_shutdown_user_alloc_1
    sys_command.o(.text) refers (Special) to use_no_semi.o(.text) for __I$use$semihosting
    sys_command.o(.text) refers (Special) to indicate_semi.o(.text) for __semihosting_library_function
    sys_command_hlt.o(.text) refers (Special) to use_no_semi.o(.text) for __I$use$semihosting
    sys_command_hlt.o(.text) refers (Special) to indicate_semi.o(.text) for __semihosting_library_function
    defsig_abrt_inner.o(.text) refers to defsig_general.o(.text) for __default_signal_display
    defsig_rtred_inner.o(.text) refers to defsig_general.o(.text) for __default_signal_display
    defsig_rtmem_inner.o(.text) refers to defsig_general.o(.text) for __default_signal_display
    defsig_rtmem_outer.o(.text) refers to defsig_rtmem_inner.o(.text) for __rt_SIGRTMEM_inner
    defsig_rtmem_outer.o(.text) refers to defsig_exit.o(.text) for __sig_exit
    defsig_rtmem_formal.o(.text) refers to rt_raise.o(.text) for __rt_raise
    defsig_stak_inner.o(.text) refers to defsig_general.o(.text) for __default_signal_display
    defsig_pvfn_inner.o(.text) refers to defsig_general.o(.text) for __default_signal_display
    defsig_cppl_inner.o(.text) refers to defsig_general.o(.text) for __default_signal_display
    defsig_segv_inner.o(.text) refers to defsig_general.o(.text) for __default_signal_display
    defsig_other.o(.text) refers to defsig_general.o(.text) for __default_signal_display


==============================================================================

Removing Unused input sections from the image.

    Removing main.o(.ARM.exidx), (16 bytes).
    Removing main.o(.ARM.use_no_argv), (4 bytes).
    Removing timer.o(.ARM.exidx), (32 bytes).
    Removing startup_ctboard.o(HEAP), (2048 bytes).
    Removing system_ctboard.o(.ARM.exidx), (72 bytes).
    Removing hal_fmc.o(.ARM.exidx), (16 bytes).
    Removing hal_gpio.o(.ARM.exidx), (136 bytes).
    Removing hal_pwr.o(.ARM.exidx), (56 bytes).
    Removing hal_rcc.o(.ARM.exidx), (40 bytes).

9 unused section(s) (total 2420 bytes) removed from the image.

==============================================================================

Image Symbol Table

    Local Symbols

    Symbol Name                              Value     Ov Type        Size  Object(Section)

    ../clib/angel/boardlib.s                 0x00000000   Number         0  boardinit1.o ABSOLUTE
    ../clib/angel/boardlib.s                 0x00000000   Number         0  boardinit2.o ABSOLUTE
    ../clib/angel/boardlib.s                 0x00000000   Number         0  boardinit3.o ABSOLUTE
    ../clib/angel/boardlib.s                 0x00000000   Number         0  boardshut.o ABSOLUTE
    ../clib/angel/handlers.s                 0x00000000   Number         0  __scatter_zi.o ABSOLUTE
    ../clib/angel/kernel.s                   0x00000000   Number         0  __rtentry.o ABSOLUTE
    ../clib/angel/kernel.s                   0x00000000   Number         0  __rtentry2.o ABSOLUTE
    ../clib/angel/kernel.s                   0x00000000   Number         0  __rtentry4.o ABSOLUTE
    ../clib/angel/kernel.s                   0x00000000   Number         0  rtexit.o ABSOLUTE
    ../clib/angel/kernel.s                   0x00000000   Number         0  rtexit2.o ABSOLUTE
    ../clib/angel/rt.s                       0x00000000   Number         0  aeabi_idiv0.o ABSOLUTE
    ../clib/angel/rt.s                       0x00000000   Number         0  aeabi_idiv0_sigfpe.o ABSOLUTE
    ../clib/angel/rt.s                       0x00000000   Number         0  rt_div0.o ABSOLUTE
    ../clib/angel/rt.s                       0x00000000   Number         0  rt_raise.o ABSOLUTE
    ../clib/angel/scatterp.s                 0x00000000   Number         0  __scatter.o ABSOLUTE
    ../clib/angel/sys.s                      0x00000000   Number         0  use_no_semi.o ABSOLUTE
    ../clib/angel/sys.s                      0x00000000   Number         0  indicate_semi.o ABSOLUTE
    ../clib/angel/sysapp.c                   0x00000000   Number         0  sys_exit.o ABSOLUTE
    ../clib/angel/sysapp.c                   0x00000000   Number         0  sys_exit_hlt.o ABSOLUTE
    ../clib/angel/sysapp.c                   0x00000000   Number         0  sys_wrch.o ABSOLUTE
    ../clib/angel/sysapp.c                   0x00000000   Number         0  sys_wrch_hlt.o ABSOLUTE
    ../clib/angel/sysapp.c                   0x00000000   Number         0  sys_command.o ABSOLUTE
    ../clib/angel/sysapp.c                   0x00000000   Number         0  sys_command_hlt.o ABSOLUTE
    ../clib/armsys.c                         0x00000000   Number         0  argv_veneer.o ABSOLUTE
    ../clib/armsys.c                         0x00000000   Number         0  _get_argv_nomalloc.o ABSOLUTE
    ../clib/armsys.c                         0x00000000   Number         0  no_argv.o ABSOLUTE
    ../clib/division.s                       0x00000000   Number         0  aeabi_sdiv.o ABSOLUTE
    ../clib/division.s                       0x00000000   Number         0  aeabi_sdiv_div0.o ABSOLUTE
    ../clib/heapalloc.c                      0x00000000   Number         0  hrguard.o ABSOLUTE
    ../clib/libinit.s                        0x00000000   Number         0  libinit.o ABSOLUTE
    ../clib/libinit.s                        0x00000000   Number         0  libinit2.o ABSOLUTE
    ../clib/libinit.s                        0x00000000   Number         0  libshutdown.o ABSOLUTE
    ../clib/libinit.s                        0x00000000   Number         0  libshutdown2.o ABSOLUTE
    ../clib/signal.c                         0x00000000   Number         0  defsig_fpe_outer.o ABSOLUTE
    ../clib/signal.c                         0x00000000   Number         0  defsig_fpe_formal.o ABSOLUTE
    ../clib/signal.c                         0x00000000   Number         0  defsig_exit.o ABSOLUTE
    ../clib/signal.c                         0x00000000   Number         0  defsig_fpe_inner.o ABSOLUTE
    ../clib/signal.c                         0x00000000   Number         0  __raise.o ABSOLUTE
    ../clib/signal.c                         0x00000000   Number         0  defsig_general.o ABSOLUTE
    ../clib/signal.c                         0x00000000   Number         0  defsig_abrt_inner.o ABSOLUTE
    ../clib/signal.c                         0x00000000   Number         0  defsig_rtred_inner.o ABSOLUTE
    ../clib/signal.c                         0x00000000   Number         0  defsig_rtmem_inner.o ABSOLUTE
    ../clib/signal.c                         0x00000000   Number         0  defsig_rtmem_outer.o ABSOLUTE
    ../clib/signal.c                         0x00000000   Number         0  defsig_rtmem_formal.o ABSOLUTE
    ../clib/signal.c                         0x00000000   Number         0  defsig_stak_inner.o ABSOLUTE
    ../clib/signal.c                         0x00000000   Number         0  defsig_pvfn_inner.o ABSOLUTE
    ../clib/signal.c                         0x00000000   Number         0  defsig_cppl_inner.o ABSOLUTE
    ../clib/signal.c                         0x00000000   Number         0  defsig_segv_inner.o ABSOLUTE
    ../clib/signal.c                         0x00000000   Number         0  defsig_other.o ABSOLUTE
    ../clib/signal.s                         0x00000000   Number         0  defsig.o ABSOLUTE
    ../clib/stdlib.c                         0x00000000   Number         0  exit.o ABSOLUTE
    ../fplib/cfplib/fpinit.c                 0x00000000   Number         0  fpinit.o ABSOLUTE
    RTE/Device/CT_Board_HS14_M0/datainit_ctboard.s 0x00000000   Number         0  datainit_ctboard.o ABSOLUTE
    RTE/Device/CT_Board_HS14_M0/startup_ctboard.s 0x00000000   Number         0  startup_ctboard.o ABSOLUTE
    dc.s                                     0x00000000   Number         0  dc.o ABSOLUTE
    hal_fmc.c                                0x00000000   Number         0  hal_fmc.o ABSOLUTE
    hal_gpio.c                               0x00000000   Number         0  hal_gpio.o ABSOLUTE
    hal_pwr.c                                0x00000000   Number         0  hal_pwr.o ABSOLUTE
    hal_rcc.c                                0x00000000   Number         0  hal_rcc.o ABSOLUTE
    main.c                                   0x00000000   Number         0  main.o ABSOLUTE
    system_ctboard.c                         0x00000000   Number         0  system_ctboard.o ABSOLUTE
    timer.c                                  0x00000000   Number         0  timer.o ABSOLUTE
    RESET                                    0x08000000   Section      428  startup_ctboard.o(RESET)
    !!!scatter                               0x080001ac   Section       60  __scatter.o(!!!scatter)
    !!handler_zi                             0x080001e8   Section       28  __scatter_zi.o(!!handler_zi)
    .ARM.Collect$$libinit$$00000000          0x08000204   Section        2  libinit.o(.ARM.Collect$$libinit$$00000000)
    .ARM.Collect$$libinit$$00000002          0x08000206   Section        0  libinit2.o(.ARM.Collect$$libinit$$00000002)
    .ARM.Collect$$libinit$$00000004          0x08000206   Section        0  libinit2.o(.ARM.Collect$$libinit$$00000004)
    .ARM.Collect$$libinit$$00000006          0x08000206   Section        0  libinit2.o(.ARM.Collect$$libinit$$00000006)
    .ARM.Collect$$libinit$$0000000C          0x08000206   Section        0  libinit2.o(.ARM.Collect$$libinit$$0000000C)
    .ARM.Collect$$libinit$$0000000E          0x08000206   Section        0  libinit2.o(.ARM.Collect$$libinit$$0000000E)
    .ARM.Collect$$libinit$$00000010          0x08000206   Section        0  libinit2.o(.ARM.Collect$$libinit$$00000010)
    .ARM.Collect$$libinit$$00000013          0x08000206   Section        0  libinit2.o(.ARM.Collect$$libinit$$00000013)
    .ARM.Collect$$libinit$$00000015          0x08000206   Section        0  libinit2.o(.ARM.Collect$$libinit$$00000015)
    .ARM.Collect$$libinit$$00000017          0x08000206   Section        0  libinit2.o(.ARM.Collect$$libinit$$00000017)
    .ARM.Collect$$libinit$$00000019          0x08000206   Section        0  libinit2.o(.ARM.Collect$$libinit$$00000019)
    .ARM.Collect$$libinit$$0000001B          0x08000206   Section        0  libinit2.o(.ARM.Collect$$libinit$$0000001B)
    .ARM.Collect$$libinit$$0000001D          0x08000206   Section        0  libinit2.o(.ARM.Collect$$libinit$$0000001D)
    .ARM.Collect$$libinit$$0000001F          0x08000206   Section        0  libinit2.o(.ARM.Collect$$libinit$$0000001F)
    .ARM.Collect$$libinit$$00000021          0x08000206   Section        0  libinit2.o(.ARM.Collect$$libinit$$00000021)
    .ARM.Collect$$libinit$$00000023          0x08000206   Section        0  libinit2.o(.ARM.Collect$$libinit$$00000023)
    .ARM.Collect$$libinit$$00000025          0x08000206   Section        0  libinit2.o(.ARM.Collect$$libinit$$00000025)
    .ARM.Collect$$libinit$$00000027          0x08000206   Section        0  libinit2.o(.ARM.Collect$$libinit$$00000027)
    .ARM.Collect$$libinit$$0000002E          0x08000206   Section        0  libinit2.o(.ARM.Collect$$libinit$$0000002E)
    .ARM.Collect$$libinit$$00000030          0x08000206   Section        0  libinit2.o(.ARM.Collect$$libinit$$00000030)
    .ARM.Collect$$libinit$$00000032          0x08000206   Section        0  libinit2.o(.ARM.Collect$$libinit$$00000032)
    .ARM.Collect$$libinit$$00000034          0x08000206   Section        0  libinit2.o(.ARM.Collect$$libinit$$00000034)
    .ARM.Collect$$libinit$$00000035          0x08000206   Section        2  libinit2.o(.ARM.Collect$$libinit$$00000035)
    .ARM.Collect$$libshutdown$$00000000      0x08000208   Section        2  libshutdown.o(.ARM.Collect$$libshutdown$$00000000)
    .ARM.Collect$$libshutdown$$00000002      0x0800020a   Section        0  libshutdown2.o(.ARM.Collect$$libshutdown$$00000002)
    .ARM.Collect$$libshutdown$$00000004      0x0800020a   Section        0  libshutdown2.o(.ARM.Collect$$libshutdown$$00000004)
    .ARM.Collect$$libshutdown$$00000007      0x0800020a   Section        0  libshutdown2.o(.ARM.Collect$$libshutdown$$00000007)
    .ARM.Collect$$libshutdown$$0000000A      0x0800020a   Section        0  libshutdown2.o(.ARM.Collect$$libshutdown$$0000000A)
    .ARM.Collect$$libshutdown$$0000000C      0x0800020a   Section        0  libshutdown2.o(.ARM.Collect$$libshutdown$$0000000C)
    .ARM.Collect$$libshutdown$$0000000F      0x0800020a   Section        0  libshutdown2.o(.ARM.Collect$$libshutdown$$0000000F)
    .ARM.Collect$$libshutdown$$00000010      0x0800020a   Section        2  libshutdown2.o(.ARM.Collect$$libshutdown$$00000010)
    .ARM.Collect$$rtentry$$00000000          0x0800020c   Section        0  __rtentry.o(.ARM.Collect$$rtentry$$00000000)
    .ARM.Collect$$rtentry$$00000002          0x0800020c   Section        0  __rtentry2.o(.ARM.Collect$$rtentry$$00000002)
    .ARM.Collect$$rtentry$$00000004          0x0800020c   Section        6  __rtentry4.o(.ARM.Collect$$rtentry$$00000004)
    .ARM.Collect$$rtentry$$00000009          0x08000212   Section        0  __rtentry2.o(.ARM.Collect$$rtentry$$00000009)
    .ARM.Collect$$rtentry$$0000000A          0x08000212   Section        4  __rtentry2.o(.ARM.Collect$$rtentry$$0000000A)
    .ARM.Collect$$rtentry$$0000000C          0x08000216   Section        0  __rtentry2.o(.ARM.Collect$$rtentry$$0000000C)
    .ARM.Collect$$rtentry$$0000000D          0x08000216   Section        8  __rtentry2.o(.ARM.Collect$$rtentry$$0000000D)
    .ARM.Collect$$rtexit$$00000000           0x0800021e   Section        2  rtexit.o(.ARM.Collect$$rtexit$$00000000)
    .ARM.Collect$$rtexit$$00000002           0x08000220   Section        0  rtexit2.o(.ARM.Collect$$rtexit$$00000002)
    .ARM.Collect$$rtexit$$00000003           0x08000220   Section        4  rtexit2.o(.ARM.Collect$$rtexit$$00000003)
    .ARM.Collect$$rtexit$$00000004           0x08000224   Section        6  rtexit2.o(.ARM.Collect$$rtexit$$00000004)
    [Anonymous Symbol]                       0x0800022c   Section        0  main.o(.text)
    __arm_cp.0_0                             0x080002f0   Number         4  main.o(.text)
    __arm_cp.0_1                             0x080002f4   Number         4  main.o(.text)
    __arm_cp.0_2                             0x080002f8   Number         4  main.o(.text)
    __arm_cp.0_3                             0x080002fc   Number         4  main.o(.text)
    __arm_cp.0_4                             0x08000300   Number         4  main.o(.text)
    __arm_cp.1_0                             0x08000320   Number         4  main.o(.text)
    __arm_cp.1_1                             0x08000324   Number         4  main.o(.text)
    [Anonymous Symbol]                       0x08000328   Section        0  timer.o(.text)
    __arm_cp.0_0                             0x080003b4   Number         4  timer.o(.text)
    __arm_cp.0_1                             0x080003b8   Number         4  timer.o(.text)
    __arm_cp.0_2                             0x080003bc   Number         4  timer.o(.text)
    __arm_cp.0_3                             0x080003c0   Number         4  timer.o(.text)
    __arm_cp.0_4                             0x080003c4   Number         4  timer.o(.text)
    __arm_cp.0_5                             0x080003c8   Number         4  timer.o(.text)
    __arm_cp.0_6                             0x080003cc   Number         4  timer.o(.text)
    __arm_cp.0_7                             0x080003d0   Number         4  timer.o(.text)
    __arm_cp.0_8                             0x080003d4   Number         4  timer.o(.text)
    __arm_cp.0_9                             0x080003d8   Number         4  timer.o(.text)
    __arm_cp.0_10                            0x080003dc   Number         4  timer.o(.text)
    __arm_cp.0_11                            0x080003e0   Number         4  timer.o(.text)
    __arm_cp.0_12                            0x080003e4   Number         4  timer.o(.text)
    __arm_cp.0_13                            0x080003e8   Number         4  timer.o(.text)
    __arm_cp.0_14                            0x080003ec   Number         4  timer.o(.text)
    __arm_cp.0_15                            0x080003f0   Number         4  timer.o(.text)
    __arm_cp.0_16                            0x080003f4   Number         4  timer.o(.text)
    __arm_cp.0_17                            0x080003f8   Number         4  timer.o(.text)
    __arm_cp.0_18                            0x080003fc   Number         4  timer.o(.text)
    __arm_cp.0_19                            0x08000400   Number         4  timer.o(.text)
    __arm_cp.0_20                            0x08000404   Number         4  timer.o(.text)
    __arm_cp.1_0                             0x08000448   Number         4  timer.o(.text)
    __arm_cp.1_1                             0x0800044c   Number         4  timer.o(.text)
    __arm_cp.1_2                             0x08000450   Number         4  timer.o(.text)
    __arm_cp.1_3                             0x08000454   Number         4  timer.o(.text)
    __arm_cp.1_4                             0x08000458   Number         4  timer.o(.text)
    __arm_cp.1_5                             0x0800045c   Number         4  timer.o(.text)
    __arm_cp.1_6                             0x08000460   Number         4  timer.o(.text)
    __arm_cp.1_7                             0x08000464   Number         4  timer.o(.text)
    __arm_cp.1_8                             0x08000468   Number         4  timer.o(.text)
    __arm_cp.1_9                             0x0800046c   Number         4  timer.o(.text)
    __arm_cp.2_0                             0x0800047c   Number         4  timer.o(.text)
    __arm_cp.3_0                             0x080004d8   Number         4  timer.o(.text)
    __arm_cp.3_1                             0x080004dc   Number         4  timer.o(.text)
    __arm_cp.3_2                             0x080004e0   Number         4  timer.o(.text)
    __arm_cp.3_3                             0x080004e4   Number         4  timer.o(.text)
    .text                                    0x080004e8   Section       40  datainit_ctboard.o(.text)
    .text                                    0x08000510   Section       36  startup_ctboard.o(.text)
    [Anonymous Symbol]                       0x08000534   Section        0  system_ctboard.o(.text)
    init_SystemClock                         0x08000551   Thumb Code   168  system_ctboard.o(.text)
    __arm_cp.2_0                             0x080005f8   Number         4  system_ctboard.o(.text)
    __arm_cp.2_1                             0x080005fc   Number         4  system_ctboard.o(.text)
    __arm_cp.2_2                             0x08000600   Number         4  system_ctboard.o(.text)
    __arm_cp.2_3                             0x08000604   Number         4  system_ctboard.o(.text)
    __arm_cp.2_4                             0x08000608   Number         4  system_ctboard.o(.text)
    init_FPU                                 0x0800060d   Thumb Code     2  system_ctboard.o(.text)
    init_FMC_SRAM                            0x08000611   Thumb Code   340  system_ctboard.o(.text)
    __arm_cp.4_0                             0x08000764   Number         4  system_ctboard.o(.text)
    __arm_cp.4_1                             0x08000768   Number         4  system_ctboard.o(.text)
    __arm_cp.4_2                             0x0800076c   Number         4  system_ctboard.o(.text)
    __arm_cp.4_3                             0x08000770   Number         4  system_ctboard.o(.text)
    __arm_cp.4_4                             0x08000774   Number         4  system_ctboard.o(.text)
    __arm_cp.4_5                             0x08000778   Number         4  system_ctboard.o(.text)
    __arm_cp.4_6                             0x0800077c   Number         4  system_ctboard.o(.text)
    __arm_cp.4_7                             0x08000780   Number         4  system_ctboard.o(.text)
    __arm_cp.4_8                             0x08000784   Number         4  system_ctboard.o(.text)
    __arm_cp.4_9                             0x08000788   Number         4  system_ctboard.o(.text)
    init_LCD                                 0x0800078d   Thumb Code    32  system_ctboard.o(.text)
    __arm_cp.5_0                             0x080007ac   Number         4  system_ctboard.o(.text)
    [Anonymous Symbol]                       0x080007c4   Section        0  hal_fmc.o(.text)
    __arm_cp.0_0                             0x0800082c   Number         4  hal_fmc.o(.text)
    __arm_cp.0_1                             0x08000830   Number         4  hal_fmc.o(.text)
    __arm_cp.0_2                             0x08000834   Number         4  hal_fmc.o(.text)
    __arm_cp.0_3                             0x08000838   Number         4  hal_fmc.o(.text)
    __arm_cp.0_4                             0x0800083c   Number         4  hal_fmc.o(.text)
    __arm_cp.0_5                             0x08000840   Number         4  hal_fmc.o(.text)
    __arm_cp.0_6                             0x08000844   Number         4  hal_fmc.o(.text)
    __arm_cp.0_7                             0x08000848   Number         4  hal_fmc.o(.text)
    __arm_cp.0_8                             0x0800084c   Number         4  hal_fmc.o(.text)
    __arm_cp.0_9                             0x08000850   Number         4  hal_fmc.o(.text)
    __arm_cp.1_0                             0x08000a80   Number         4  hal_fmc.o(.text)
    __arm_cp.1_1                             0x08000a84   Number         4  hal_fmc.o(.text)
    __arm_cp.1_2                             0x08000a88   Number         4  hal_fmc.o(.text)
    __arm_cp.1_3                             0x08000a8c   Number         4  hal_fmc.o(.text)
    __arm_cp.1_4                             0x08000a90   Number         4  hal_fmc.o(.text)
    __arm_cp.1_5                             0x08000a94   Number         4  hal_fmc.o(.text)
    __arm_cp.1_6                             0x08000a98   Number         4  hal_fmc.o(.text)
    [Anonymous Symbol]                       0x08000a9c   Section        0  hal_gpio.o(.text)
    __arm_cp.0_0                             0x08000b0c   Number         4  hal_gpio.o(.text)
    __arm_cp.0_1                             0x08000b10   Number         4  hal_gpio.o(.text)
    intercept_overwrite_register             0x08000b91   Thumb Code    48  hal_gpio.o(.text)
    __arm_cp.2_0                             0x08000bc0   Number         4  hal_gpio.o(.text)
    __arm_cp.2_1                             0x08000bc4   Number         4  hal_gpio.o(.text)
    __arm_cp.2_2                             0x08000bc8   Number         4  hal_gpio.o(.text)
    create_pattern_mask                      0x08000bcd   Thumb Code   156  hal_gpio.o(.text)
    __arm_cp.13_0                            0x0800127c   Number         4  hal_gpio.o(.text)
    __arm_cp.13_1                            0x08001280   Number         4  hal_gpio.o(.text)
    __arm_cp.13_2                            0x08001284   Number         4  hal_gpio.o(.text)
    __arm_cp.13_3                            0x08001288   Number         4  hal_gpio.o(.text)
    __arm_cp.13_4                            0x0800128c   Number         4  hal_gpio.o(.text)
    __arm_cp.13_5                            0x08001290   Number         4  hal_gpio.o(.text)
    __arm_cp.13_6                            0x08001294   Number         4  hal_gpio.o(.text)
    __arm_cp.13_7                            0x08001298   Number         4  hal_gpio.o(.text)
    __arm_cp.13_8                            0x0800129c   Number         4  hal_gpio.o(.text)
    __arm_cp.13_9                            0x080012a0   Number         4  hal_gpio.o(.text)
    __arm_cp.13_10                           0x080012a4   Number         4  hal_gpio.o(.text)
    __arm_cp.13_11                           0x080012a8   Number         4  hal_gpio.o(.text)
    __arm_cp.13_12                           0x080012ac   Number         4  hal_gpio.o(.text)
    get_syscfg_mask                          0x080012b1   Thumb Code   232  hal_gpio.o(.text)
    __arm_cp.14_0                            0x08001398   Number         4  hal_gpio.o(.text)
    __arm_cp.14_1                            0x0800139c   Number         4  hal_gpio.o(.text)
    __arm_cp.14_2                            0x080013a0   Number         4  hal_gpio.o(.text)
    __arm_cp.14_3                            0x080013a4   Number         4  hal_gpio.o(.text)
    __arm_cp.14_4                            0x080013a8   Number         4  hal_gpio.o(.text)
    __arm_cp.14_5                            0x080013ac   Number         4  hal_gpio.o(.text)
    __arm_cp.14_6                            0x080013b0   Number         4  hal_gpio.o(.text)
    __arm_cp.14_7                            0x080013b4   Number         4  hal_gpio.o(.text)
    __arm_cp.14_8                            0x080013b8   Number         4  hal_gpio.o(.text)
    __arm_cp.14_9                            0x080013bc   Number         4  hal_gpio.o(.text)
    __arm_cp.15_0                            0x08001400   Number         4  hal_gpio.o(.text)
    __arm_cp.15_1                            0x08001404   Number         4  hal_gpio.o(.text)
    __arm_cp.16_0                            0x08001420   Number         4  hal_gpio.o(.text)
    [Anonymous Symbol]                       0x08001424   Section        0  hal_pwr.o(.text)
    __arm_cp.0_0                             0x08001434   Number         4  hal_pwr.o(.text)
    __arm_cp.0_1                             0x08001438   Number         4  hal_pwr.o(.text)
    __arm_cp.1_0                             0x080014d0   Number         4  hal_pwr.o(.text)
    __arm_cp.2_0                             0x08001500   Number         4  hal_pwr.o(.text)
    __arm_cp.3_0                             0x08001530   Number         4  hal_pwr.o(.text)
    __arm_cp.4_0                             0x08001560   Number         4  hal_pwr.o(.text)
    [Anonymous Symbol]                       0x08001578   Section        0  hal_rcc.o(.text)
    __arm_cp.0_0                             0x0800160c   Number         4  hal_rcc.o(.text)
    __arm_cp.0_1                             0x08001610   Number         4  hal_rcc.o(.text)
    __arm_cp.0_2                             0x08001614   Number         4  hal_rcc.o(.text)
    __arm_cp.0_3                             0x08001618   Number         4  hal_rcc.o(.text)
    __arm_cp.0_4                             0x0800161c   Number         4  hal_rcc.o(.text)
    __arm_cp.0_5                             0x08001620   Number         4  hal_rcc.o(.text)
    __arm_cp.0_6                             0x08001624   Number         4  hal_rcc.o(.text)
    __arm_cp.0_7                             0x08001628   Number         4  hal_rcc.o(.text)
    __arm_cp.0_8                             0x0800162c   Number         4  hal_rcc.o(.text)
    __arm_cp.0_9                             0x08001630   Number         4  hal_rcc.o(.text)
    __arm_cp.0_10                            0x08001634   Number         4  hal_rcc.o(.text)
    __arm_cp.0_11                            0x08001638   Number         4  hal_rcc.o(.text)
    __arm_cp.0_12                            0x0800163c   Number         4  hal_rcc.o(.text)
    __arm_cp.0_13                            0x08001640   Number         4  hal_rcc.o(.text)
    __arm_cp.0_14                            0x08001644   Number         4  hal_rcc.o(.text)
    __arm_cp.0_15                            0x08001648   Number         4  hal_rcc.o(.text)
    __arm_cp.0_16                            0x0800164c   Number         4  hal_rcc.o(.text)
    __arm_cp.0_17                            0x08001650   Number         4  hal_rcc.o(.text)
    __arm_cp.0_18                            0x08001654   Number         4  hal_rcc.o(.text)
    __arm_cp.0_19                            0x08001658   Number         4  hal_rcc.o(.text)
    __arm_cp.0_20                            0x0800165c   Number         4  hal_rcc.o(.text)
    __arm_cp.0_21                            0x08001660   Number         4  hal_rcc.o(.text)
    __arm_cp.0_22                            0x08001664   Number         4  hal_rcc.o(.text)
    __arm_cp.0_23                            0x08001668   Number         4  hal_rcc.o(.text)
    __arm_cp.0_24                            0x0800166c   Number         4  hal_rcc.o(.text)
    __arm_cp.0_25                            0x08001670   Number         4  hal_rcc.o(.text)
    __arm_cp.0_26                            0x08001674   Number         4  hal_rcc.o(.text)
    __arm_cp.0_27                            0x08001678   Number         4  hal_rcc.o(.text)
    __arm_cp.0_28                            0x0800167c   Number         4  hal_rcc.o(.text)
    __arm_cp.0_29                            0x08001680   Number         4  hal_rcc.o(.text)
    __arm_cp.0_30                            0x08001684   Number         4  hal_rcc.o(.text)
    __arm_cp.0_31                            0x08001688   Number         4  hal_rcc.o(.text)
    __arm_cp.1_0                             0x08001818   Number         4  hal_rcc.o(.text)
    __arm_cp.1_1                             0x0800181c   Number         4  hal_rcc.o(.text)
    __arm_cp.1_2                             0x08001820   Number         4  hal_rcc.o(.text)
    __arm_cp.1_3                             0x08001824   Number         4  hal_rcc.o(.text)
    __arm_cp.2_0                             0x08001918   Number         4  hal_rcc.o(.text)
    __arm_cp.2_1                             0x0800191c   Number         4  hal_rcc.o(.text)
    __arm_cp.2_2                             0x08001920   Number         4  hal_rcc.o(.text)
    __arm_cp.3_0                             0x08001a5c   Number         4  hal_rcc.o(.text)
    __arm_cp.3_1                             0x08001a60   Number         4  hal_rcc.o(.text)
    __arm_cp.3_2                             0x08001a64   Number         4  hal_rcc.o(.text)
    __arm_cp.3_3                             0x08001a68   Number         4  hal_rcc.o(.text)
    __arm_cp.3_4                             0x08001a6c   Number         4  hal_rcc.o(.text)
    __arm_cp.3_5                             0x08001a70   Number         4  hal_rcc.o(.text)
    __arm_cp.4_0                             0x08001b08   Number         4  hal_rcc.o(.text)
    __arm_cp.4_1                             0x08001b0c   Number         4  hal_rcc.o(.text)
    .text                                    0x08001b10   Section      364  aeabi_sdiv.o(.text)
    .text                                    0x08001c7c   Section        0  exit.o(.text)
    .text                                    0x08001c8c   Section        0  sys_exit.o(.text)
    .text                                    0x08001c98   Section        2  use_no_semi.o(.text)
    .text                                    0x08001c9a   Section        0  indicate_semi.o(.text)
    cycle_counter_4bit                       0x20000000   Data           2  main.o(.bss.cycle_counter_4bit)
    [Anonymous Symbol]                       0x20000000   Section        0  main.o(.bss.cycle_counter_4bit)
    STACK                                    0x20000008   Section     8192  startup_ctboard.o(STACK)
    __initial_sp                             0x20002008   Data           0  startup_ctboard.o(STACK)

    Global Symbols

    Symbol Name                              Value     Ov Type        Size  Object(Section)

    BuildAttributes$$THM_ISAv3M$S$PE$A:L22$X:L11$S22$IEEE1$IW$~IW$USESV6$~STKCKD$USESV7$WCHAR32$ENUMINT$~SHL$OSPACE$ROPI$EBA8$UX$STANDARDLIB$REQ8$PRES8$EABIv2 0x00000000   Number         0  anon$$obj.o ABSOLUTE
    __ARM_exceptions_init                     - Undefined Weak Reference
    __alloca_initialize                       - Undefined Weak Reference
    __arm_preinit_                            - Undefined Weak Reference
    __arm_relocate_pie_                       - Undefined Weak Reference
    __cpp_initialize__aeabi_                  - Undefined Weak Reference
    __cxa_finalize                            - Undefined Weak Reference
    __rt_locale                               - Undefined Weak Reference
    __sigvec_lookup                           - Undefined Weak Reference
    _atexit_init                              - Undefined Weak Reference
    _call_atexit_fns                          - Undefined Weak Reference
    _clock_init                               - Undefined Weak Reference
    _fp_trap_init                             - Undefined Weak Reference
    _fp_trap_shutdown                         - Undefined Weak Reference
    _get_lc_collate                           - Undefined Weak Reference
    _get_lc_ctype                             - Undefined Weak Reference
    _get_lc_monetary                          - Undefined Weak Reference
    _get_lc_numeric                           - Undefined Weak Reference
    _get_lc_time                              - Undefined Weak Reference
    _getenv_init                              - Undefined Weak Reference
    _handle_redirection                       - Undefined Weak Reference
    _init_alloc                               - Undefined Weak Reference
    _init_user_alloc                          - Undefined Weak Reference
    _initio                                   - Undefined Weak Reference
    _rand_init                                - Undefined Weak Reference
    _signal_finish                            - Undefined Weak Reference
    _signal_init                              - Undefined Weak Reference
    _terminate_alloc                          - Undefined Weak Reference
    _terminate_user_alloc                     - Undefined Weak Reference
    _terminateio                              - Undefined Weak Reference
    __Vectors_Size                           0x000001ac   Number         0  startup_ctboard.o ABSOLUTE
    Stack_Size                               0x00002000   Number         0  startup_ctboard.o ABSOLUTE
    __Vectors                                0x08000000   Data           4  startup_ctboard.o(RESET)
    __Vectors_End                            0x080001ac   Data           0  startup_ctboard.o(RESET)
    __scatterload                            0x080001ad   Thumb Code     0  __scatter.o(!!!scatter)
    __scatterload_rt2                        0x080001ad   Thumb Code    52  __scatter.o(!!!scatter)
    __scatterload_rt2_thumb_only             0x080001ad   Thumb Code     0  __scatter.o(!!!scatter)
    __scatterload_null                       0x080001bd   Thumb Code     0  __scatter.o(!!!scatter)
    __scatterload_zeroinit                   0x080001e9   Thumb Code    28  __scatter_zi.o(!!handler_zi)
    __rt_lib_init                            0x08000205   Thumb Code     0  libinit.o(.ARM.Collect$$libinit$$00000000)
    __rt_lib_init_alloca_1                   0x08000207   Thumb Code     0  libinit2.o(.ARM.Collect$$libinit$$00000030)
    __rt_lib_init_argv_1                     0x08000207   Thumb Code     0  libinit2.o(.ARM.Collect$$libinit$$0000002E)
    __rt_lib_init_atexit_1                   0x08000207   Thumb Code     0  libinit2.o(.ARM.Collect$$libinit$$0000001D)
    __rt_lib_init_clock_1                    0x08000207   Thumb Code     0  libinit2.o(.ARM.Collect$$libinit$$00000023)
    __rt_lib_init_cpp_1                      0x08000207   Thumb Code     0  libinit2.o(.ARM.Collect$$libinit$$00000034)
    __rt_lib_init_exceptions_1               0x08000207   Thumb Code     0  libinit2.o(.ARM.Collect$$libinit$$00000032)
    __rt_lib_init_fp_1                       0x08000207   Thumb Code     0  libinit2.o(.ARM.Collect$$libinit$$00000002)
    __rt_lib_init_fp_trap_1                  0x08000207   Thumb Code     0  libinit2.o(.ARM.Collect$$libinit$$00000021)
    __rt_lib_init_getenv_1                   0x08000207   Thumb Code     0  libinit2.o(.ARM.Collect$$libinit$$00000025)
    __rt_lib_init_heap_1                     0x08000207   Thumb Code     0  libinit2.o(.ARM.Collect$$libinit$$0000000C)
    __rt_lib_init_lc_collate_1               0x08000207   Thumb Code     0  libinit2.o(.ARM.Collect$$libinit$$00000013)
    __rt_lib_init_lc_ctype_1                 0x08000207   Thumb Code     0  libinit2.o(.ARM.Collect$$libinit$$00000015)
    __rt_lib_init_lc_monetary_1              0x08000207   Thumb Code     0  libinit2.o(.ARM.Collect$$libinit$$00000017)
    __rt_lib_init_lc_numeric_1               0x08000207   Thumb Code     0  libinit2.o(.ARM.Collect$$libinit$$00000019)
    __rt_lib_init_lc_time_1                  0x08000207   Thumb Code     0  libinit2.o(.ARM.Collect$$libinit$$0000001B)
    __rt_lib_init_preinit_1                  0x08000207   Thumb Code     0  libinit2.o(.ARM.Collect$$libinit$$00000006)
    __rt_lib_init_rand_1                     0x08000207   Thumb Code     0  libinit2.o(.ARM.Collect$$libinit$$00000010)
    __rt_lib_init_relocate_pie_1             0x08000207   Thumb Code     0  libinit2.o(.ARM.Collect$$libinit$$00000004)
    __rt_lib_init_return                     0x08000207   Thumb Code     0  libinit2.o(.ARM.Collect$$libinit$$00000035)
    __rt_lib_init_signal_1                   0x08000207   Thumb Code     0  libinit2.o(.ARM.Collect$$libinit$$0000001F)
    __rt_lib_init_stdio_1                    0x08000207   Thumb Code     0  libinit2.o(.ARM.Collect$$libinit$$00000027)
    __rt_lib_init_user_alloc_1               0x08000207   Thumb Code     0  libinit2.o(.ARM.Collect$$libinit$$0000000E)
    __rt_lib_shutdown                        0x08000209   Thumb Code     0  libshutdown.o(.ARM.Collect$$libshutdown$$00000000)
    __rt_lib_shutdown_cpp_1                  0x0800020b   Thumb Code     0  libshutdown2.o(.ARM.Collect$$libshutdown$$00000002)
    __rt_lib_shutdown_fp_trap_1              0x0800020b   Thumb Code     0  libshutdown2.o(.ARM.Collect$$libshutdown$$00000007)
    __rt_lib_shutdown_heap_1                 0x0800020b   Thumb Code     0  libshutdown2.o(.ARM.Collect$$libshutdown$$0000000F)
    __rt_lib_shutdown_return                 0x0800020b   Thumb Code     0  libshutdown2.o(.ARM.Collect$$libshutdown$$00000010)
    __rt_lib_shutdown_signal_1               0x0800020b   Thumb Code     0  libshutdown2.o(.ARM.Collect$$libshutdown$$0000000A)
    __rt_lib_shutdown_stdio_1                0x0800020b   Thumb Code     0  libshutdown2.o(.ARM.Collect$$libshutdown$$00000004)
    __rt_lib_shutdown_user_alloc_1           0x0800020b   Thumb Code     0  libshutdown2.o(.ARM.Collect$$libshutdown$$0000000C)
    __rt_entry                               0x0800020d   Thumb Code     0  __rtentry.o(.ARM.Collect$$rtentry$$00000000)
    __rt_entry_presh_1                       0x0800020d   Thumb Code     0  __rtentry2.o(.ARM.Collect$$rtentry$$00000002)
    __rt_entry_sh                            0x0800020d   Thumb Code     0  __rtentry4.o(.ARM.Collect$$rtentry$$00000004)
    __rt_entry_li                            0x08000213   Thumb Code     0  __rtentry2.o(.ARM.Collect$$rtentry$$0000000A)
    __rt_entry_postsh_1                      0x08000213   Thumb Code     0  __rtentry2.o(.ARM.Collect$$rtentry$$00000009)
    __rt_entry_main                          0x08000217   Thumb Code     0  __rtentry2.o(.ARM.Collect$$rtentry$$0000000D)
    __rt_entry_postli_1                      0x08000217   Thumb Code     0  __rtentry2.o(.ARM.Collect$$rtentry$$0000000C)
    __rt_exit                                0x0800021f   Thumb Code     0  rtexit.o(.ARM.Collect$$rtexit$$00000000)
    __rt_exit_ls                             0x08000221   Thumb Code     0  rtexit2.o(.ARM.Collect$$rtexit$$00000003)
    __rt_exit_prels_1                        0x08000221   Thumb Code     0  rtexit2.o(.ARM.Collect$$rtexit$$00000002)
    __rt_exit_exit                           0x08000225   Thumb Code     0  rtexit2.o(.ARM.Collect$$rtexit$$00000004)
    main                                     0x0800022d   Thumb Code   196  main.o(.text)
    TIM4_IRQHandler                          0x08000305   Thumb Code    28  main.o(.text)
    tim3_init                                0x08000329   Thumb Code   140  timer.o(.text)
    tim4_init                                0x08000409   Thumb Code    64  timer.o(.text)
    tim4_reset_uif                           0x08000471   Thumb Code    12  timer.o(.text)
    tim3_set_compare_register                0x08000481   Thumb Code    88  timer.o(.text)
    __main                                   0x080004e9   Thumb Code     8  datainit_ctboard.o(.text)
    __user_setup_stackheap                   0x080004f1   Thumb Code    16  datainit_ctboard.o(.text)
    Reset_Handler                            0x08000511   Thumb Code     8  startup_ctboard.o(.text)
    NMI_Handler                              0x08000519   Thumb Code     2  startup_ctboard.o(.text)
    HardFault_Handler                        0x0800051b   Thumb Code     2  startup_ctboard.o(.text)
    MemManage_Handler                        0x0800051d   Thumb Code     2  startup_ctboard.o(.text)
    BusFault_Handler                         0x0800051f   Thumb Code     2  startup_ctboard.o(.text)
    UsageFault_Handler                       0x08000521   Thumb Code     2  startup_ctboard.o(.text)
    SVC_Handler                              0x08000523   Thumb Code     2  startup_ctboard.o(.text)
    DebugMon_Handler                         0x08000525   Thumb Code     2  startup_ctboard.o(.text)
    PendSV_Handler                           0x08000527   Thumb Code     2  startup_ctboard.o(.text)
    SysTick_Handler                          0x08000529   Thumb Code     2  startup_ctboard.o(.text)
    ADC_IRQHandler                           0x0800052b   Thumb Code     0  startup_ctboard.o(.text)
    CAN1_RX0_IRQHandler                      0x0800052b   Thumb Code     0  startup_ctboard.o(.text)
    CAN1_RX1_IRQHandler                      0x0800052b   Thumb Code     0  startup_ctboard.o(.text)
    CAN1_SCE_IRQHandler                      0x0800052b   Thumb Code     0  startup_ctboard.o(.text)
    CAN1_TX_IRQHandler                       0x0800052b   Thumb Code     0  startup_ctboard.o(.text)
    CAN2_RX0_IRQHandler                      0x0800052b   Thumb Code     0  startup_ctboard.o(.text)
    CAN2_RX1_IRQHandler                      0x0800052b   Thumb Code     0  startup_ctboard.o(.text)
    CAN2_SCE_IRQHandler                      0x0800052b   Thumb Code     0  startup_ctboard.o(.text)
    CAN2_TX_IRQHandler                       0x0800052b   Thumb Code     0  startup_ctboard.o(.text)
    CRYP_IRQHandler                          0x0800052b   Thumb Code     0  startup_ctboard.o(.text)
    DCMI_IRQHandler                          0x0800052b   Thumb Code     0  startup_ctboard.o(.text)
    DMA1_Stream0_IRQHandler                  0x0800052b   Thumb Code     0  startup_ctboard.o(.text)
    DMA1_Stream1_IRQHandler                  0x0800052b   Thumb Code     0  startup_ctboard.o(.text)
    DMA1_Stream2_IRQHandler                  0x0800052b   Thumb Code     0  startup_ctboard.o(.text)
    DMA1_Stream3_IRQHandler                  0x0800052b   Thumb Code     0  startup_ctboard.o(.text)
    DMA1_Stream4_IRQHandler                  0x0800052b   Thumb Code     0  startup_ctboard.o(.text)
    DMA1_Stream5_IRQHandler                  0x0800052b   Thumb Code     0  startup_ctboard.o(.text)
    DMA1_Stream6_IRQHandler                  0x0800052b   Thumb Code     0  startup_ctboard.o(.text)
    DMA1_Stream7_IRQHandler                  0x0800052b   Thumb Code     0  startup_ctboard.o(.text)
    DMA2D_IRQHandler                         0x0800052b   Thumb Code     0  startup_ctboard.o(.text)
    DMA2_Stream0_IRQHandler                  0x0800052b   Thumb Code     0  startup_ctboard.o(.text)
    DMA2_Stream1_IRQHandler                  0x0800052b   Thumb Code     0  startup_ctboard.o(.text)
    DMA2_Stream2_IRQHandler                  0x0800052b   Thumb Code     0  startup_ctboard.o(.text)
    DMA2_Stream3_IRQHandler                  0x0800052b   Thumb Code     0  startup_ctboard.o(.text)
    DMA2_Stream4_IRQHandler                  0x0800052b   Thumb Code     0  startup_ctboard.o(.text)
    DMA2_Stream5_IRQHandler                  0x0800052b   Thumb Code     0  startup_ctboard.o(.text)
    DMA2_Stream6_IRQHandler                  0x0800052b   Thumb Code     0  startup_ctboard.o(.text)
    DMA2_Stream7_IRQHandler                  0x0800052b   Thumb Code     0  startup_ctboard.o(.text)
    ETH_IRQHandler                           0x0800052b   Thumb Code     0  startup_ctboard.o(.text)
    ETH_WKUP_IRQHandler                      0x0800052b   Thumb Code     0  startup_ctboard.o(.text)
    EXTI0_IRQHandler                         0x0800052b   Thumb Code     0  startup_ctboard.o(.text)
    EXTI15_10_IRQHandler                     0x0800052b   Thumb Code     0  startup_ctboard.o(.text)
    EXTI1_IRQHandler                         0x0800052b   Thumb Code     0  startup_ctboard.o(.text)
    EXTI2_IRQHandler                         0x0800052b   Thumb Code     0  startup_ctboard.o(.text)
    EXTI3_IRQHandler                         0x0800052b   Thumb Code     0  startup_ctboard.o(.text)
    EXTI4_IRQHandler                         0x0800052b   Thumb Code     0  startup_ctboard.o(.text)
    EXTI9_5_IRQHandler                       0x0800052b   Thumb Code     0  startup_ctboard.o(.text)
    FLASH_IRQHandler                         0x0800052b   Thumb Code     0  startup_ctboard.o(.text)
    FMC_IRQHandler                           0x0800052b   Thumb Code     0  startup_ctboard.o(.text)
    FPU_IRQHandler                           0x0800052b   Thumb Code     0  startup_ctboard.o(.text)
    HASH_RNG_IRQHandler                      0x0800052b   Thumb Code     0  startup_ctboard.o(.text)
    I2C1_ER_IRQHandler                       0x0800052b   Thumb Code     0  startup_ctboard.o(.text)
    I2C1_EV_IRQHandler                       0x0800052b   Thumb Code     0  startup_ctboard.o(.text)
    I2C2_ER_IRQHandler                       0x0800052b   Thumb Code     0  startup_ctboard.o(.text)
    I2C2_EV_IRQHandler                       0x0800052b   Thumb Code     0  startup_ctboard.o(.text)
    I2C3_ER_IRQHandler                       0x0800052b   Thumb Code     0  startup_ctboard.o(.text)
    I2C3_EV_IRQHandler                       0x0800052b   Thumb Code     0  startup_ctboard.o(.text)
    LTDC_ER_IRQHandler                       0x0800052b   Thumb Code     0  startup_ctboard.o(.text)
    LTDC_IRQHandler                          0x0800052b   Thumb Code     0  startup_ctboard.o(.text)
    OTG_FS_IRQHandler                        0x0800052b   Thumb Code     0  startup_ctboard.o(.text)
    OTG_FS_WKUP_IRQHandler                   0x0800052b   Thumb Code     0  startup_ctboard.o(.text)
    OTG_HS_EP1_IN_IRQHandler                 0x0800052b   Thumb Code     0  startup_ctboard.o(.text)
    OTG_HS_EP1_OUT_IRQHandler                0x0800052b   Thumb Code     0  startup_ctboard.o(.text)
    OTG_HS_IRQHandler                        0x0800052b   Thumb Code     0  startup_ctboard.o(.text)
    OTG_HS_WKUP_IRQHandler                   0x0800052b   Thumb Code     0  startup_ctboard.o(.text)
    PVD_IRQHandler                           0x0800052b   Thumb Code     0  startup_ctboard.o(.text)
    RCC_IRQHandler                           0x0800052b   Thumb Code     0  startup_ctboard.o(.text)
    RTC_Alarm_IRQHandler                     0x0800052b   Thumb Code     0  startup_ctboard.o(.text)
    RTC_WKUP_IRQHandler                      0x0800052b   Thumb Code     0  startup_ctboard.o(.text)
    SAI1_IRQHandler                          0x0800052b   Thumb Code     0  startup_ctboard.o(.text)
    SDIO_IRQHandler                          0x0800052b   Thumb Code     0  startup_ctboard.o(.text)
    SPI1_IRQHandler                          0x0800052b   Thumb Code     0  startup_ctboard.o(.text)
    SPI2_IRQHandler                          0x0800052b   Thumb Code     0  startup_ctboard.o(.text)
    SPI3_IRQHandler                          0x0800052b   Thumb Code     0  startup_ctboard.o(.text)
    SPI4_IRQHandler                          0x0800052b   Thumb Code     0  startup_ctboard.o(.text)
    SPI5_IRQHandler                          0x0800052b   Thumb Code     0  startup_ctboard.o(.text)
    SPI6_IRQHandler                          0x0800052b   Thumb Code     0  startup_ctboard.o(.text)
    TAMP_STAMP_IRQHandler                    0x0800052b   Thumb Code     0  startup_ctboard.o(.text)
    TIM1_BRK_TIM9_IRQHandler                 0x0800052b   Thumb Code     0  startup_ctboard.o(.text)
    TIM1_CC_IRQHandler                       0x0800052b   Thumb Code     0  startup_ctboard.o(.text)
    TIM1_TRG_COM_TIM11_IRQHandler            0x0800052b   Thumb Code     0  startup_ctboard.o(.text)
    TIM1_UP_TIM10_IRQHandler                 0x0800052b   Thumb Code     0  startup_ctboard.o(.text)
    TIM2_IRQHandler                          0x0800052b   Thumb Code     0  startup_ctboard.o(.text)
    TIM3_IRQHandler                          0x0800052b   Thumb Code     0  startup_ctboard.o(.text)
    TIM5_IRQHandler                          0x0800052b   Thumb Code     0  startup_ctboard.o(.text)
    TIM6_DAC_IRQHandler                      0x0800052b   Thumb Code     0  startup_ctboard.o(.text)
    TIM7_IRQHandler                          0x0800052b   Thumb Code     0  startup_ctboard.o(.text)
    TIM8_BRK_TIM12_IRQHandler                0x0800052b   Thumb Code     0  startup_ctboard.o(.text)
    TIM8_CC_IRQHandler                       0x0800052b   Thumb Code     0  startup_ctboard.o(.text)
    TIM8_TRG_COM_TIM14_IRQHandler            0x0800052b   Thumb Code     0  startup_ctboard.o(.text)
    TIM8_UP_TIM13_IRQHandler                 0x0800052b   Thumb Code     0  startup_ctboard.o(.text)
    UART4_IRQHandler                         0x0800052b   Thumb Code     0  startup_ctboard.o(.text)
    UART5_IRQHandler                         0x0800052b   Thumb Code     0  startup_ctboard.o(.text)
    UART7_IRQHandler                         0x0800052b   Thumb Code     0  startup_ctboard.o(.text)
    UART8_IRQHandler                         0x0800052b   Thumb Code     0  startup_ctboard.o(.text)
    USART1_IRQHandler                        0x0800052b   Thumb Code     0  startup_ctboard.o(.text)
    USART2_IRQHandler                        0x0800052b   Thumb Code     0  startup_ctboard.o(.text)
    USART3_IRQHandler                        0x0800052b   Thumb Code     0  startup_ctboard.o(.text)
    USART6_IRQHandler                        0x0800052b   Thumb Code     0  startup_ctboard.o(.text)
    WWDG_IRQHandler                          0x0800052b   Thumb Code     0  startup_ctboard.o(.text)
    __system                                 0x08000535   Thumb Code     8  system_ctboard.o(.text)
    system_enter_run                         0x0800053d   Thumb Code    20  system_ctboard.o(.text)
    system_enter_sleep                       0x080007b1   Thumb Code     8  system_ctboard.o(.text)
    system_enter_stop                        0x080007b9   Thumb Code    10  system_ctboard.o(.text)
    system_enter_standby                     0x080007c3   Thumb Code     2  system_ctboard.o(.text)
    hal_fmc_reset                            0x080007c5   Thumb Code   104  hal_fmc.o(.text)
    hal_fmc_init_sram                        0x08000855   Thumb Code   556  hal_fmc.o(.text)
    hal_gpio_reset                           0x08000a9d   Thumb Code   112  hal_gpio.o(.text)
    hal_gpio_init_input                      0x08000b15   Thumb Code   122  hal_gpio.o(.text)
    hal_gpio_init_analog                     0x08000c69   Thumb Code    74  hal_gpio.o(.text)
    hal_gpio_init_output                     0x08000cb3   Thumb Code   206  hal_gpio.o(.text)
    hal_gpio_init_alternate                  0x08000d81   Thumb Code   186  hal_gpio.o(.text)
    hal_gpio_input_read                      0x08000e3b   Thumb Code    14  hal_gpio.o(.text)
    hal_gpio_output_read                     0x08000e49   Thumb Code    14  hal_gpio.o(.text)
    hal_gpio_output_write                    0x08000e57   Thumb Code    42  hal_gpio.o(.text)
    hal_gpio_bit_set                         0x08000e81   Thumb Code    54  hal_gpio.o(.text)
    hal_gpio_bit_reset                       0x08000eb7   Thumb Code    54  hal_gpio.o(.text)
    hal_gpio_bit_toggle                      0x08000eed   Thumb Code    78  hal_gpio.o(.text)
    hal_gpio_irq_set                         0x08000f3d   Thumb Code   832  hal_gpio.o(.text)
    hal_gpio_irq_status                      0x080013c1   Thumb Code    64  hal_gpio.o(.text)
    hal_gpio_irq_clear                       0x08001409   Thumb Code    24  hal_gpio.o(.text)
    hal_pwr_reset                            0x08001425   Thumb Code    16  hal_pwr.o(.text)
    hal_pwr_set_backup_domain                0x0800143d   Thumb Code   148  hal_pwr.o(.text)
    hal_pwr_set_backup_access                0x080014d5   Thumb Code    44  hal_pwr.o(.text)
    hal_pwr_set_wakeup_pin                   0x08001505   Thumb Code    44  hal_pwr.o(.text)
    hal_pwr_set_flash_powerdown              0x08001535   Thumb Code    44  hal_pwr.o(.text)
    hal_pwr_set_overdrive                    0x08001565   Thumb Code    10  hal_pwr.o(.text)
    hal_pwr_set_underdrive                   0x0800156f   Thumb Code    10  hal_pwr.o(.text)
    hal_rcc_reset                            0x08001579   Thumb Code   148  hal_rcc.o(.text)
    hal_rcc_set_peripheral                   0x0800168d   Thumb Code   396  hal_rcc.o(.text)
    hal_rcc_set_osc                          0x08001829   Thumb Code   240  hal_rcc.o(.text)
    hal_rcc_setup_pll                        0x08001925   Thumb Code   312  hal_rcc.o(.text)
    hal_rcc_setup_clock                      0x08001a75   Thumb Code   148  hal_rcc.o(.text)
    __aeabi_uidiv                            0x08001b11   Thumb Code     0  aeabi_sdiv.o(.text)
    __aeabi_uidivmod                         0x08001b11   Thumb Code    20  aeabi_sdiv.o(.text)
    __aeabi_idiv                             0x08001b25   Thumb Code     0  aeabi_sdiv.o(.text)
    __aeabi_idivmod                          0x08001b25   Thumb Code   338  aeabi_sdiv.o(.text)
    exit                                     0x08001c7d   Thumb Code    16  exit.o(.text)
    _sys_exit                                0x08001c8d   Thumb Code     8  sys_exit.o(.text)
    __I$use$semihosting                      0x08001c99   Thumb Code     0  use_no_semi.o(.text)
    __use_no_semihosting_swi                 0x08001c99   Thumb Code     2  use_no_semi.o(.text)
    __semihosting_library_function           0x08001c9b   Thumb Code     0  indicate_semi.o(.text)
    Region$$Table$$Base                      0x08001c9c   Number         0  anon$$obj.o(Region$$Table)
    Region$$Table$$Limit                     0x08001cac   Number         0  anon$$obj.o(Region$$Table)
    Stack_Mem                                0x20000008   Data        8192  startup_ctboard.o(STACK)



==============================================================================

Memory Map of the image

  Image Entry point : 0x08000511

  Load Region LR_1 (Base: 0x08000000, Size: 0x00001cac, Max: 0xffffffff, ABSOLUTE)

    Execution Region ER_RO (Exec base: 0x08000000, Load base: 0x08000000, Size: 0x00001cac, Max: 0xffffffff, ABSOLUTE)

    Exec Addr    Load Addr    Size         Type   Attr      Idx    E Section Name        Object

    0x08000000   0x08000000   0x000001ac   Data   RO           25    RESET               startup_ctboard.o
    0x080001ac   0x080001ac   0x0000003c   Code   RO           71    !!!scatter          c_pu.l(__scatter.o)
    0x080001e8   0x080001e8   0x0000001c   Code   RO          241    !!handler_zi        c_pu.l(__scatter_zi.o)
    0x08000204   0x08000204   0x00000002   Code   RO          106    .ARM.Collect$$libinit$$00000000  c_pu.l(libinit.o)
    0x08000206   0x08000206   0x00000000   Code   RO          116    .ARM.Collect$$libinit$$00000002  c_pu.l(libinit2.o)
    0x08000206   0x08000206   0x00000000   Code   RO          118    .ARM.Collect$$libinit$$00000004  c_pu.l(libinit2.o)
    0x08000206   0x08000206   0x00000000   Code   RO          120    .ARM.Collect$$libinit$$00000006  c_pu.l(libinit2.o)
    0x08000206   0x08000206   0x00000000   Code   RO          123    .ARM.Collect$$libinit$$0000000C  c_pu.l(libinit2.o)
    0x08000206   0x08000206   0x00000000   Code   RO          125    .ARM.Collect$$libinit$$0000000E  c_pu.l(libinit2.o)
    0x08000206   0x08000206   0x00000000   Code   RO          127    .ARM.Collect$$libinit$$00000010  c_pu.l(libinit2.o)
    0x08000206   0x08000206   0x00000000   Code   RO          130    .ARM.Collect$$libinit$$00000013  c_pu.l(libinit2.o)
    0x08000206   0x08000206   0x00000000   Code   RO          132    .ARM.Collect$$libinit$$00000015  c_pu.l(libinit2.o)
    0x08000206   0x08000206   0x00000000   Code   RO          134    .ARM.Collect$$libinit$$00000017  c_pu.l(libinit2.o)
    0x08000206   0x08000206   0x00000000   Code   RO          136    .ARM.Collect$$libinit$$00000019  c_pu.l(libinit2.o)
    0x08000206   0x08000206   0x00000000   Code   RO          138    .ARM.Collect$$libinit$$0000001B  c_pu.l(libinit2.o)
    0x08000206   0x08000206   0x00000000   Code   RO          140    .ARM.Collect$$libinit$$0000001D  c_pu.l(libinit2.o)
    0x08000206   0x08000206   0x00000000   Code   RO          142    .ARM.Collect$$libinit$$0000001F  c_pu.l(libinit2.o)
    0x08000206   0x08000206   0x00000000   Code   RO          144    .ARM.Collect$$libinit$$00000021  c_pu.l(libinit2.o)
    0x08000206   0x08000206   0x00000000   Code   RO          146    .ARM.Collect$$libinit$$00000023  c_pu.l(libinit2.o)
    0x08000206   0x08000206   0x00000000   Code   RO          148    .ARM.Collect$$libinit$$00000025  c_pu.l(libinit2.o)
    0x08000206   0x08000206   0x00000000   Code   RO          150    .ARM.Collect$$libinit$$00000027  c_pu.l(libinit2.o)
    0x08000206   0x08000206   0x00000000   Code   RO          154    .ARM.Collect$$libinit$$0000002E  c_pu.l(libinit2.o)
    0x08000206   0x08000206   0x00000000   Code   RO          156    .ARM.Collect$$libinit$$00000030  c_pu.l(libinit2.o)
    0x08000206   0x08000206   0x00000000   Code   RO          158    .ARM.Collect$$libinit$$00000032  c_pu.l(libinit2.o)
    0x08000206   0x08000206   0x00000000   Code   RO          160    .ARM.Collect$$libinit$$00000034  c_pu.l(libinit2.o)
    0x08000206   0x08000206   0x00000002   Code   RO          161    .ARM.Collect$$libinit$$00000035  c_pu.l(libinit2.o)
    0x08000208   0x08000208   0x00000002   Code   RO          196    .ARM.Collect$$libshutdown$$00000000  c_pu.l(libshutdown.o)
    0x0800020a   0x0800020a   0x00000000   Code   RO          224    .ARM.Collect$$libshutdown$$00000002  c_pu.l(libshutdown2.o)
    0x0800020a   0x0800020a   0x00000000   Code   RO          226    .ARM.Collect$$libshutdown$$00000004  c_pu.l(libshutdown2.o)
    0x0800020a   0x0800020a   0x00000000   Code   RO          229    .ARM.Collect$$libshutdown$$00000007  c_pu.l(libshutdown2.o)
    0x0800020a   0x0800020a   0x00000000   Code   RO          232    .ARM.Collect$$libshutdown$$0000000A  c_pu.l(libshutdown2.o)
    0x0800020a   0x0800020a   0x00000000   Code   RO          234    .ARM.Collect$$libshutdown$$0000000C  c_pu.l(libshutdown2.o)
    0x0800020a   0x0800020a   0x00000000   Code   RO          237    .ARM.Collect$$libshutdown$$0000000F  c_pu.l(libshutdown2.o)
    0x0800020a   0x0800020a   0x00000002   Code   RO          238    .ARM.Collect$$libshutdown$$00000010  c_pu.l(libshutdown2.o)
    0x0800020c   0x0800020c   0x00000000   Code   RO           73    .ARM.Collect$$rtentry$$00000000  c_pu.l(__rtentry.o)
    0x0800020c   0x0800020c   0x00000000   Code   RO           79    .ARM.Collect$$rtentry$$00000002  c_pu.l(__rtentry2.o)
    0x0800020c   0x0800020c   0x00000006   Code   RO           91    .ARM.Collect$$rtentry$$00000004  c_pu.l(__rtentry4.o)
    0x08000212   0x08000212   0x00000000   Code   RO           81    .ARM.Collect$$rtentry$$00000009  c_pu.l(__rtentry2.o)
    0x08000212   0x08000212   0x00000004   Code   RO           82    .ARM.Collect$$rtentry$$0000000A  c_pu.l(__rtentry2.o)
    0x08000216   0x08000216   0x00000000   Code   RO           84    .ARM.Collect$$rtentry$$0000000C  c_pu.l(__rtentry2.o)
    0x08000216   0x08000216   0x00000008   Code   RO           85    .ARM.Collect$$rtentry$$0000000D  c_pu.l(__rtentry2.o)
    0x0800021e   0x0800021e   0x00000002   Code   RO          107    .ARM.Collect$$rtexit$$00000000  c_pu.l(rtexit.o)
    0x08000220   0x08000220   0x00000000   Code   RO          167    .ARM.Collect$$rtexit$$00000002  c_pu.l(rtexit2.o)
    0x08000220   0x08000220   0x00000004   Code   RO          168    .ARM.Collect$$rtexit$$00000003  c_pu.l(rtexit2.o)
    0x08000224   0x08000224   0x00000006   Code   RO          169    .ARM.Collect$$rtexit$$00000004  c_pu.l(rtexit2.o)
    0x0800022a   0x0800022a   0x00000002   PAD
    0x0800022c   0x0800022c   0x000000fc   Code   RO            1    .text               main.o
    0x08000328   0x08000328   0x000001c0   Code   RO           10    .text               timer.o
    0x080004e8   0x080004e8   0x00000028   Code   RO           17    .text               datainit_ctboard.o
    0x08000510   0x08000510   0x00000024   Code   RO           26  * .text               startup_ctboard.o
    0x08000534   0x08000534   0x00000290   Code   RO           30    .text               system_ctboard.o
    0x080007c4   0x080007c4   0x000002d8   Code   RO           37    .text               hal_fmc.o
    0x08000a9c   0x08000a9c   0x00000988   Code   RO           44    .text               hal_gpio.o
    0x08001424   0x08001424   0x00000154   Code   RO           51    .text               hal_pwr.o
    0x08001578   0x08001578   0x00000598   Code   RO           58    .text               hal_rcc.o
    0x08001b10   0x08001b10   0x0000016c   Code   RO           67    .text               c_pu.l(aeabi_sdiv.o)
    0x08001c7c   0x08001c7c   0x00000010   Code   RO           95    .text               c_pu.l(exit.o)
    0x08001c8c   0x08001c8c   0x0000000c   Code   RO          162    .text               c_pu.l(sys_exit.o)
    0x08001c98   0x08001c98   0x00000002   Code   RO          185    .text               c_pu.l(use_no_semi.o)
    0x08001c9a   0x08001c9a   0x00000000   Code   RO          187    .text               c_pu.l(indicate_semi.o)
    0x08001c9a   0x08001c9a   0x00000002   PAD
    0x08001c9c   0x08001c9c   0x00000010   Data   RO          240    Region$$Table       anon$$obj.o


    Execution Region ER_RW (Exec base: 0x20000000, Load base: 0x08001cac, Size: 0x00000000, Max: 0xffffffff, ABSOLUTE)

    **** No section assigned to this execution region ****


    Execution Region ER_ZI (Exec base: 0x20000000, Load base: 0x08001cac, Size: 0x00002008, Max: 0xffffffff, ABSOLUTE)

    Exec Addr    Load Addr    Size         Type   Attr      Idx    E Section Name        Object

    0x20000000        -       0x00000002   Zero   RW            3    .bss.cycle_counter_4bit  main.o
    0x20000002   0x08001cac   0x00000006   PAD
    0x20000008        -       0x00002000   Zero   RW           23    STACK               startup_ctboard.o


==============================================================================

Image component sizes


      Code (inc. data)   RO Data    RW Data    ZI Data      Debug   Object Name

        40         16          0          0          0        504   datainit_ctboard.o
       728        100          0          0          0       3201   hal_fmc.o
      2440        124          0          0          0       8424   hal_gpio.o
       340         24          0          0          0       1927   hal_pwr.o
      1432        280          0          0          0       4773   hal_rcc.o
       252         28          0          0          2       1713   main.o
        36          8        428          0       8192        848   startup_ctboard.o
       656         64          0          0          0       6789   system_ctboard.o
       448        160          0          0          0       3256   timer.o

    ----------------------------------------------------------------------
      6372        804        444          0       8200      31435   Object Totals
         0          0         16          0          0          0   (incl. Generated)
         0          0          0          0          6          0   (incl. Padding)

    ----------------------------------------------------------------------

      Code (inc. data)   RO Data    RW Data    ZI Data      Debug   Library Member Name

         0          0          0          0          0          0   __rtentry.o
        12          0          0          0          0          0   __rtentry2.o
         6          0          0          0          0          0   __rtentry4.o
        60          8          0          0          0         68   __scatter.o
        28          0          0          0          0          0   __scatter_zi.o
       364          4          0          0          0         92   aeabi_sdiv.o
        16          0          0          0          0         68   exit.o
         0          0          0          0          0          0   indicate_semi.o
         2          0          0          0          0          0   libinit.o
         2          0          0          0          0          0   libinit2.o
         2          0          0          0          0          0   libshutdown.o
         2          0          0          0          0          0   libshutdown2.o
         2          0          0          0          0          0   rtexit.o
        10          0          0          0          0          0   rtexit2.o
        12          4          0          0          0         60   sys_exit.o
         2          0          0          0          0         68   use_no_semi.o

    ----------------------------------------------------------------------
       524         16          0          0          0        356   Library Totals
         4          0          0          0          0          0   (incl. Padding)

    ----------------------------------------------------------------------

      Code (inc. data)   RO Data    RW Data    ZI Data      Debug   Library Name

       520         16          0          0          0        356   c_pu.l

    ----------------------------------------------------------------------
       524         16          0          0          0        356   Library Totals

    ----------------------------------------------------------------------

==============================================================================


      Code (inc. data)   RO Data    RW Data    ZI Data      Debug   

      6896        820        444          0       8200      31487   Grand Totals
      6896        820        444          0       8200      31487   ELF Image Totals
      6896        820        444          0          0          0   ROM Totals

==============================================================================

    Total RO  Size (Code + RO Data)                 7340 (   7.17kB)
    Total RW  Size (RW Data + ZI Data)              8200 (   8.01kB)
    Total ROM Size (Code + RO Data + RW Data)       7340 (   7.17kB)

==============================================================================

