Component: Arm Compiler for Embedded 6.18 Tool: armlink [5e4cc100]

==============================================================================

Section Cross References

    main.o(.text) refers to hal_ct_lcd.o(.text) for hal_ct_lcd_clear
    main.o(.text) refers to hal_timer.o(.text) for hal_timer_init_base
    main.o(.text) refers to aeabi_sdiv.o(.text) for __aeabi_uidiv
    main.o(.text) refers to main.o(.bss.measurement_done) for [Anonymous Symbol]
    main.o(.text) refers to main.o(.bss.tim3_interrupt_counter) for [Anonymous Symbol]
    main.o(.text) refers to main.o(.bss.tim2_interrupt_counter) for [Anonymous Symbol]
    main.o(.text) refers to main.o(.data.min_latency) for [Anonymous Symbol]
    main.o(.text) refers to main.o(.bss.max_latency) for [Anonymous Symbol]
    main.o(.text) refers to main.o(.bss.sum_latency) for [Anonymous Symbol]
    main.o(.text) refers to main.o(.bss.avg_latency) for [Anonymous Symbol]
    main.o(.text) refers to main.o(.bss.sum_tisr) for [Anonymous Symbol]
    main.o(.text) refers to main.o(.bss.avg_tisr) for [Anonymous Symbol]
    main.o(.text) refers to sprintf.o(.text) for sprintf
    main.o(.text) refers to main.o(.rodata.str1.1) for [Anonymous Symbol]
    main.o(.text) refers to main.o(.bss.dummy_counter) for [Anonymous Symbol]
    main.o(.ARM.exidx) refers to main.o(.text) for [Anonymous Symbol]
    datainit_ctboard.o(.text) refers (Weak) to startup_ctboard.o(STACK) for Stack_Mem
    datainit_ctboard.o(.text) refers to main.o(.text) for main
    startup_ctboard.o(RESET) refers to startup_ctboard.o(STACK) for __initial_sp
    startup_ctboard.o(RESET) refers to startup_ctboard.o(.text) for Reset_Handler
    startup_ctboard.o(RESET) refers to main.o(.text) for TIM2_IRQHandler
    startup_ctboard.o(.text) refers to system_ctboard.o(.text) for __system
    startup_ctboard.o(.text) refers to datainit_ctboard.o(.text) for __main
    system_ctboard.o(.text) refers to hal_rcc.o(.text) for hal_rcc_reset
    system_ctboard.o(.text) refers to hal_pwr.o(.text) for hal_pwr_set_overdrive
    system_ctboard.o(.text) refers to hal_gpio.o(.text) for hal_gpio_init_alternate
    system_ctboard.o(.text) refers to hal_fmc.o(.text) for hal_fmc_init_sram
    system_ctboard.o(.ARM.exidx) refers to system_ctboard.o(.text) for [Anonymous Symbol]
    hal_ct_lcd.o(.text) refers to hal_ct_lcd.o(.rodata.str1.1) for [Anonymous Symbol]
    hal_ct_lcd.o(.ARM.exidx) refers to hal_ct_lcd.o(.text) for [Anonymous Symbol]
    hal_fmc.o(.ARM.exidx) refers to hal_fmc.o(.text) for [Anonymous Symbol]
    hal_gpio.o(.text) refers to aeabi_sdiv.o(.text) for __aeabi_uidiv
    hal_gpio.o(.ARM.exidx) refers to hal_gpio.o(.text) for [Anonymous Symbol]
    hal_pwr.o(.ARM.exidx) refers to hal_pwr.o(.text) for [Anonymous Symbol]
    hal_rcc.o(.ARM.exidx) refers to hal_rcc.o(.text) for [Anonymous Symbol]
    hal_timer.o(.ARM.exidx) refers to hal_timer.o(.text) for [Anonymous Symbol]
    sprintf.o(.text) refers (Special) to _printf_a.o(.ARM.Collect$$_printf_percent$$00000006) for _printf_a
    sprintf.o(.text) refers (Special) to _printf_c.o(.ARM.Collect$$_printf_percent$$00000013) for _printf_c
    sprintf.o(.text) refers (Special) to _printf_charcount.o(.text) for _printf_charcount
    sprintf.o(.text) refers (Special) to _printf_d.o(.ARM.Collect$$_printf_percent$$00000009) for _printf_d
    sprintf.o(.text) refers (Special) to _printf_e.o(.ARM.Collect$$_printf_percent$$00000004) for _printf_e
    sprintf.o(.text) refers (Special) to _printf_f.o(.ARM.Collect$$_printf_percent$$00000003) for _printf_f
    sprintf.o(.text) refers (Special) to printf1.o(x$fpl$printf1) for _printf_fp_dec
    sprintf.o(.text) refers (Special) to printf2.o(x$fpl$printf2) for _printf_fp_hex
    sprintf.o(.text) refers (Special) to _printf_g.o(.ARM.Collect$$_printf_percent$$00000005) for _printf_g
    sprintf.o(.text) refers (Special) to _printf_i.o(.ARM.Collect$$_printf_percent$$00000008) for _printf_i
    sprintf.o(.text) refers (Special) to _printf_dec.o(.text) for _printf_int_dec
    sprintf.o(.text) refers (Special) to _printf_l.o(.ARM.Collect$$_printf_percent$$00000012) for _printf_l
    sprintf.o(.text) refers (Special) to _printf_lc.o(.ARM.Collect$$_printf_percent$$00000015) for _printf_lc
    sprintf.o(.text) refers (Special) to _printf_ll.o(.ARM.Collect$$_printf_percent$$00000007) for _printf_ll
    sprintf.o(.text) refers (Special) to _printf_lld.o(.ARM.Collect$$_printf_percent$$0000000E) for _printf_lld
    sprintf.o(.text) refers (Special) to _printf_lli.o(.ARM.Collect$$_printf_percent$$0000000D) for _printf_lli
    sprintf.o(.text) refers (Special) to _printf_llo.o(.ARM.Collect$$_printf_percent$$00000010) for _printf_llo
    sprintf.o(.text) refers (Special) to _printf_llu.o(.ARM.Collect$$_printf_percent$$0000000F) for _printf_llu
    sprintf.o(.text) refers (Special) to _printf_llx.o(.ARM.Collect$$_printf_percent$$00000011) for _printf_llx
[...]
    ../clib/angel/rt.s                       0x00000000   Number         0  rt_locale.o ABSOLUTE
    ../clib/angel/rt.s                       0x00000000   Number         0  rt_locale_intlibspace.o ABSOLUTE
    ../clib/angel/rt.s                       0x00000000   Number         0  rt_raise.o ABSOLUTE
    ../clib/angel/sys.s                      0x00000000   Number         0  libspace.o ABSOLUTE
    ../clib/angel/sys.s                      0x00000000   Number         0  use_no_semi.o ABSOLUTE
    ../clib/angel/sys.s                      0x00000000   Number         0  indicate_semi.o ABSOLUTE
    ../clib/angel/sysapp.c                   0x00000000   Number         0  sys_exit.o ABSOLUTE
    ../clib/angel/sysapp.c                   0x00000000   Number         0  sys_exit_hlt.o ABSOLUTE
    ../clib/angel/sysapp.c                   0x00000000   Number         0  sys_wrch.o ABSOLUTE
    ../clib/angel/sysapp.c                   0x00000000   Number         0  sys_wrch_hlt.o ABSOLUTE
    ../clib/angel/sysapp.c                   0x00000000   Number         0  sys_command.o ABSOLUTE
    ../clib/angel/sysapp.c                   0x00000000   Number         0  sys_command_hlt.o ABSOLUTE
    ../clib/armsys.c                         0x00000000   Number         0  argv_veneer.o ABSOLUTE
    ../clib/armsys.c                         0x00000000   Number         0  _get_argv_nomalloc.o ABSOLUTE
    ../clib/armsys.c                         0x00000000   Number         0  no_argv.o ABSOLUTE
    ../clib/bigflt.c                         0x00000000   Number         0  bigflt0.o ABSOLUTE
    ../clib/btod.c                           0x00000000   Number         0  btod.o ABSOLUTE
    ../clib/btod_accurate.c                  0x00000000   Number         0  btod_accurate.o ABSOLUTE
    ../clib/btod_accurate.c                  0x00000000   Number         0  btod_accurate_common.o ABSOLUTE
    ../clib/division.c                       0x00000000   Number         0  lludiv10.o ABSOLUTE
    ../clib/division.c                       0x00000000   Number         0  rtudiv10.o ABSOLUTE
    ../clib/division.s                       0x00000000   Number         0  aeabi_sdiv.o ABSOLUTE
    ../clib/division.s                       0x00000000   Number         0  aeabi_sdiv_div0.o ABSOLUTE
    ../clib/heapalloc.c                      0x00000000   Number         0  hrguard.o ABSOLUTE
    ../clib/libinit.s                        0x00000000   Number         0  libinit2.o ABSOLUTE
    ../clib/locale.c                         0x00000000   Number         0  _c32rtomb.o ABSOLUTE
    ../clib/locale.s                         0x00000000   Number         0  lc_numeric_c.o ABSOLUTE
    ../clib/locale.s                         0x00000000   Number         0  lc_ctype_c.o ABSOLUTE
    ../clib/longlong.c                       0x00000000   Number         0  llushr.o ABSOLUTE
    ../clib/misc.s                           0x00000000   Number         0  printf_stubs.o ABSOLUTE
    ../clib/printf.c                         0x00000000   Number         0  sprintf.o ABSOLUTE
    ../clib/printf.c                         0x00000000   Number         0  __printf.o ABSOLUTE
    ../clib/printf.c                         0x00000000   Number         0  _printf_pad.o ABSOLUTE
    ../clib/printf.c                         0x00000000   Number         0  _printf_truncate.o ABSOLUTE
    ../clib/printf.c                         0x00000000   Number         0  _printf_str.o ABSOLUTE
    ../clib/printf.c                         0x00000000   Number         0  _printf_dec.o ABSOLUTE
    ../clib/printf.c                         0x00000000   Number         0  _printf_charcount.o ABSOLUTE
    ../clib/printf.c                         0x00000000   Number         0  _printf_char_common.o ABSOLUTE
    ../clib/printf.c                         0x00000000   Number         0  _sputc.o ABSOLUTE
    ../clib/printf.c                         0x00000000   Number         0  _printf_wctomb.o ABSOLUTE
    ../clib/printf.c                         0x00000000   Number         0  _printf_longlong_dec.o ABSOLUTE
    ../clib/printf.c                         0x00000000   Number         0  _printf_oct_ll.o ABSOLUTE
    ../clib/printf.c                         0x00000000   Number         0  _printf_oct_int.o ABSOLUTE
    ../clib/printf.c                         0x00000000   Number         0  _printf_oct_int_ll.o ABSOLUTE
    ../clib/printf.c                         0x00000000   Number         0  _printf_hex_ll.o ABSOLUTE
    ../clib/printf.c                         0x00000000   Number         0  _printf_hex_int.o ABSOLUTE
    ../clib/printf.c                         0x00000000   Number         0  _printf_hex_int_ll.o ABSOLUTE
    ../clib/printf.c                         0x00000000   Number         0  _printf_hex_ptr.o ABSOLUTE
    ../clib/printf.c                         0x00000000   Number         0  _printf_hex_int_ptr.o ABSOLUTE
    ../clib/printf.c                         0x00000000   Number         0  _printf_hex_ll_ptr.o ABSOLUTE
    ../clib/printf.c                         0x00000000   Number         0  _printf_hex_int_ll_ptr.o ABSOLUTE
    ../clib/printf.c                         0x00000000   Number         0  __printf_flags.o ABSOLUTE
    ../clib/printf.c                         0x00000000   Number         0  __printf_ss.o ABSOLUTE
    ../clib/printf.c                         0x00000000   Number         0  __printf_flags_ss.o ABSOLUTE
    ../clib/printf.c                         0x00000000   Number         0  __printf_wp.o ABSOLUTE
    ../clib/printf.c                         0x00000000   Number         0  __printf_flags_wp.o ABSOLUTE
    ../clib/printf.c                         0x00000000   Number         0  __printf_ss_wp.o ABSOLUTE
    ../clib/printf.c                         0x00000000   Number         0  __printf_flags_ss_wp.o ABSOLUTE
    ../clib/printf.c                         0x00000000   Number         0  _printf_intcommon.o ABSOLUTE
    ../clib/printf.c                         0x00000000   Number         0  _printf_fp_dec.o ABSOLUTE
    ../clib/printf.c                         0x00000000   Number         0  _printf_fp_dec_accurate.o ABSOLUTE
    ../clib/printf.c                         0x00000000   Number         0  _printf_fp_hex.o ABSOLUTE
    ../clib/printf.c                         0x00000000   Number         0  __printf_nopercent.o ABSOLUTE
    ../clib/printf.c                         0x00000000   Number         0  _printf_char.o ABSOLUTE
    ../clib/printf.c                         0x00000000   Number         0  _printf_wchar.o ABSOLUTE
    ../clib/printf.c                         0x00000000   Number         0  _printf_fp_infnan.o ABSOLUTE
    ../clib/printf_percent.s                 0x00000000   Number         0  _printf_c.o ABSOLUTE
    ../clib/printf_percent.s                 0x00000000   Number         0  _printf_s.o ABSOLUTE
    ../clib/printf_percent.s                 0x00000000   Number         0  _printf_n.o ABSOLUTE
    ../clib/printf_percent.s                 0x00000000   Number         0  _printf_x.o ABSOLUTE
    ../clib/printf_percent.s                 0x00000000   Number         0  _printf_p.o ABSOLUTE
    ../clib/printf_percent.s                 0x00000000   Number         0  _printf_o.o ABSOLUTE
    ../clib/printf_percent.s                 0x00000000   Number         0  _printf_i.o ABSOLUTE
    ../clib/printf_percent.s                 0x00000000   Number         0  _printf_d.o ABSOLUTE
    ../clib/printf_percent.s                 0x00000000   Number         0  _printf_u.o ABSOLUTE
    ../clib/printf_percent.s                 0x00000000   Number         0  _printf_f.o ABSOLUTE
    ../clib/printf_percent.s                 0x00000000   Number         0  _printf_e.o ABSOLUTE
    ../clib/printf_percent.s                 0x00000000   Number         0  _printf_g.o ABSOLUTE
    ../clib/printf_percent.s                 0x00000000   Number         0  _printf_a.o ABSOLUTE
    ../clib/printf_percent.s                 0x00000000   Number         0  _printf_percent.o ABSOLUTE
    ../clib/printf_percent.s                 0x00000000   Number         0  _printf_lli.o ABSOLUTE
    ../clib/printf_percent.s                 0x00000000   Number         0  _printf_lld.o ABSOLUTE
    ../clib/printf_percent.s                 0x00000000   Number         0  _printf_llu.o ABSOLUTE
    ../clib/printf_percent.s                 0x00000000   Number         0  _printf_ll.o ABSOLUTE
    ../clib/printf_percent.s                 0x00000000   Number         0  _printf_l.o ABSOLUTE
    ../clib/printf_percent.s                 0x00000000   Number         0  _printf_lc.o ABSOLUTE
    ../clib/printf_percent.s                 0x00000000   Number         0  _printf_ls.o ABSOLUTE
    ../clib/printf_percent.s                 0x00000000   Number         0  _printf_llo.o ABSOLUTE
    ../clib/printf_percent.s                 0x00000000   Number         0  _printf_llx.o ABSOLUTE
    ../clib/printf_percent.s                 0x00000000   Number         0  _printf_percent_end.o ABSOLUTE
    ../clib/signal.c                         0x00000000   Number         0  defsig_fpe_outer.o ABSOLUTE
    ../clib/signal.c                         0x00000000   Number         0  defsig_fpe_formal.o ABSOLUTE
    ../clib/signal.c                         0x00000000   Number         0  defsig_exit.o ABSOLUTE
    ../clib/signal.c                         0x00000000   Number         0  defsig_fpe_inner.o ABSOLUTE
    ../clib/signal.c                         0x00000000   Number         0  __raise.o ABSOLUTE
    ../clib/signal.c                         0x00000000   Number         0  defsig_general.o ABSOLUTE
    ../clib/signal.c                         0x00000000   Number         0  defsig_abrt_inner.o ABSOLUTE
    ../clib/signal.c                         0x00000000   Number         0  defsig_rtred_inner.o ABSOLUTE
    ../clib/signal.c                         0x00000000   Number         0  defsig_rtmem_inner.o ABSOLUTE
    ../clib/signal.c                         0x00000000   Number         0  defsig_rtmem_outer.o ABSOLUTE
    ../clib/signal.c                         0x00000000   Number         0  defsig_rtmem_formal.o ABSOLUTE
    ../clib/signal.c                         0x00000000   Number         0  defsig_stak_inner.o ABSOLUTE
    ../clib/signal.c                         0x00000000   Number         0  defsig_pvfn_inner.o ABSOLUTE
    ../clib/signal.c                         0x00000000   Number         0  defsig_cppl_inner.o ABSOLUTE
    ../clib/signal.c                         0x00000000   Number         0  defsig_segv_inner.o ABSOLUTE
    ../clib/signal.c                         0x00000000   Number         0  defsig_other.o ABSOLUTE
    ../clib/signal.s                         0x00000000   Number         0  defsig.o ABSOLUTE
    ../clib/string.c                         0x00000000   Number         0  strcmp.o ABSOLUTE
    ../fplib/cfplib/fpinit.c                 0x00000000   Number         0  fpinit.o ABSOLUTE
    ../fplib/cfplib/ieee_status.c            0x00000000   Number         0  ieee_status.o ABSOLUTE
    ../fplib/printf1.s                       0x00000000   Number         0  printf1.o ABSOLUTE
    ../fplib/printf2.s                       0x00000000   Number         0  printf2.o ABSOLUTE
    ../fplib/printf2a.s                      0x00000000   Number         0  printf2a.o ABSOLUTE
    ../fplib/printf2b.s                      0x00000000   Number         0  printf2b.o ABSOLUTE
    ../fplib/usenofp.s                       0x00000000   Number         0  usenofp.o ABSOLUTE
    ../mathlib/fpclassify.c                  0x00000000   Number         0  fpclassify.o ABSOLUTE
    RTE/Device/CT_Board_HS14_M0/datainit_ctboard.s 0x00000000   Number         0  datainit_ctboard.o ABSOLUTE
    RTE/Device/CT_Board_HS14_M0/startup_ctboard.s 0x00000000   Number         0  startup_ctboard.o ABSOLUTE
    dc.s                                     0x00000000   Number         0  dc.o ABSOLUTE
    hal_ct_lcd.c                             0x00000000   Number         0  hal_ct_lcd.o ABSOLUTE
    hal_fmc.c                                0x00000000   Number         0  hal_fmc.o ABSOLUTE
    hal_gpio.c                               0x00000000   Number         0  hal_gpio.o ABSOLUTE
    hal_pwr.c                                0x00000000   Number         0  hal_pwr.o ABSOLUTE
    hal_rcc.c                                0x00000000   Number         0  hal_rcc.o ABSOLUTE
    hal_timer.c                              0x00000000   Number         0  hal_timer.o ABSOLUTE
    main.c                                   0x00000000   Number         0  main.o ABSOLUTE
    system_ctboard.c                         0x00000000   Number         0  system_ctboard.o ABSOLUTE
    RESET                                    0x08000000   Section      428  startup_ctboard.o(RESET)
    .ARM.Collect$$_printf_percent$$00000000  0x080001ac   Section        2  _printf_percent.o(.ARM.Collect$$_printf_percent$$00000000)
    .ARM.Collect$$_printf_percent$$00000001  0x080001ae   Section       10  _printf_n.o(.ARM.Collect$$_printf_percent$$00000001)
    .ARM.Collect$$_printf_percent$$00000002  0x080001b8   Section       10  _printf_p.o(.ARM.Collect$$_printf_percent$$00000002)
    .ARM.Collect$$_printf_percent$$00000003  0x080001c2   Section       10  _printf_f.o(.ARM.Collect$$_printf_percent$$00000003)
    .ARM.Collect$$_printf_percent$$00000004  0x080001cc   Section       10  _printf_e.o(.ARM.Collect$$_printf_percent$$00000004)
    .ARM.Collect$$_printf_percent$$00000005  0x080001d6   Section       10  _printf_g.o(.ARM.Collect$$_printf_percent$$00000005)
    .ARM.Collect$$_printf_percent$$00000006  0x080001e0   Section       10  _printf_a.o(.ARM.Collect$$_printf_percent$$00000006)
    .ARM.Collect$$_printf_percent$$00000007  0x080001ea   Section       10  _printf_ll.o(.ARM.Collect$$_printf_percent$$00000007)
    .ARM.Collect$$_printf_percent$$00000008  0x080001f4   Section       10  _printf_i.o(.ARM.Collect$$_printf_percent$$00000008)
    .ARM.Collect$$_printf_percent$$00000009  0x080001fe   Section       10  _printf_d.o(.ARM.Collect$$_printf_percent$$00000009)
    .ARM.Collect$$_printf_percent$$0000000A  0x08000208   Section       10  _printf_u.o(.ARM.Collect$$_printf_percent$$0000000A)
    .ARM.Collect$$_printf_percent$$0000000B  0x08000212   Section       10  _printf_o.o(.ARM.Collect$$_printf_percent$$0000000B)
    .ARM.Collect$$_printf_percent$$0000000C  0x0800021c   Section       10  _printf_x.o(.ARM.Collect$$_printf_percent$$0000000C)
    .ARM.Collect$$_printf_percent$$0000000D  0x08000226   Section       10  _printf_lli.o(.ARM.Collect$$_printf_percent$$0000000D)
    .ARM.Collect$$_printf_percent$$0000000E  0x08000230   Section       10  _printf_lld.o(.ARM.Collect$$_printf_percent$$0000000E)
    .ARM.Collect$$_printf_percent$$0000000F  0x0800023a   Section       10  _printf_llu.o(.ARM.Collect$$_printf_percent$$0000000F)
    .ARM.Collect$$_printf_percent$$00000010  0x08000244   Section       10  _printf_llo.o(.ARM.Collect$$_printf_percent$$00000010)
    .ARM.Collect$$_printf_percent$$00000011  0x0800024e   Section       10  _printf_llx.o(.ARM.Collect$$_printf_percent$$00000011)
    .ARM.Collect$$_printf_percent$$00000012  0x08000258   Section       10  _printf_l.o(.ARM.Collect$$_printf_percent$$00000012)
    .ARM.Collect$$_printf_percent$$00000013  0x08000262   Section       10  _printf_c.o(.ARM.Collect$$_printf_percent$$00000013)
    .ARM.Collect$$_printf_percent$$00000014  0x0800026c   Section       10  _printf_s.o(.ARM.Collect$$_printf_percent$$00000014)
    .ARM.Collect$$_printf_percent$$00000015  0x08000276   Section       10  _printf_lc.o(.ARM.Collect$$_printf_percent$$00000015)
    .ARM.Collect$$_printf_percent$$00000016  0x08000280   Section       10  _printf_ls.o(.ARM.Collect$$_printf_percent$$00000016)
    .ARM.Collect$$_printf_percent$$00000017  0x0800028a   Section        4  _printf_percent_end.o(.ARM.Collect$$_printf_percent$$00000017)
    .ARM.Collect$$libinit$$00000015          0x0800028e   Section        0  libinit2.o(.ARM.Collect$$libinit$$00000015)
    .ARM.Collect$$libinit$$00000019          0x0800028e   Section        0  libinit2.o(.ARM.Collect$$libinit$$00000019)
    [Anonymous Symbol]                       0x08000290   Section        0  main.o(.text)
    __arm_cp.0_0                             0x0800040c   Number         4  main.o(.text)
    __arm_cp.0_1                             0x08000410   Number         4  main.o(.text)
    __arm_cp.0_2                             0x08000414   Number         4  main.o(.text)
    __arm_cp.0_3                             0x08000418   Number         4  main.o(.text)
    __arm_cp.0_4                             0x0800041c   Number         4  main.o(.text)
    __arm_cp.0_5                             0x08000420   Number         4  main.o(.text)
    __arm_cp.0_6                             0x08000424   Number         4  main.o(.text)
    __arm_cp.0_7                             0x08000428   Number         4  main.o(.text)
    __arm_cp.0_8                             0x0800042c   Number         4  main.o(.text)
    __arm_cp.0_9                             0x08000430   Number         4  main.o(.text)
    __arm_cp.0_10                            0x08000434   Number         4  main.o(.text)
    __arm_cp.0_11                            0x08000438   Number         4  main.o(.text)
    __arm_cp.0_12                            0x0800043c   Number         4  main.o(.text)
    __arm_cp.0_13                            0x08000440   Number         4  main.o(.text)
    __arm_cp.0_14                            0x08000444   Number         4  main.o(.text)
    __arm_cp.0_15                            0x08000448   Number         4  main.o(.text)
    __arm_cp.0_16                            0x0800044c   Number         4  main.o(.text)
    __arm_cp.0_17                            0x08000450   Number         4  main.o(.text)
    __arm_cp.0_18                            0x08000454   Number         4  main.o(.text)
    __arm_cp.0_19                            0x08000458   Number         4  main.o(.text)
    read_hex_switch                          0x0800045d   Thumb Code   180  main.o(.text)
    __arm_cp.1_0                             0x08000510   Number         4  main.o(.text)
    __arm_cp.1_1                             0x08000514   Number         4  main.o(.text)
    __arm_cp.1_2                             0x08000518   Number         4  main.o(.text)
    __arm_cp.1_3                             0x0800051c   Number         4  main.o(.text)
    __arm_cp.1_4                             0x08000520   Number         4  main.o(.text)
    __arm_cp.1_5                             0x08000524   Number         4  main.o(.text)
    print_results                            0x08000529   Thumb Code   144  main.o(.text)
    __arm_cp.2_0                             0x080005b8   Number         4  main.o(.text)
    __arm_cp.2_1                             0x080005bc   Number         4  main.o(.text)
    __arm_cp.2_2                             0x080005c0   Number         4  main.o(.text)
    __arm_cp.2_3                             0x080005c4   Number         4  main.o(.text)
    __arm_cp.2_4                             0x080005c8   Number         4  main.o(.text)
    __arm_cp.2_5                             0x080005cc   Number         4  main.o(.text)
    __arm_cp.2_6                             0x080005d0   Number         4  main.o(.text)
    __arm_cp.2_7                             0x080005d4   Number         4  main.o(.text)
    __arm_cp.2_8                             0x080005d8   Number         4  main.o(.text)
    __arm_cp.2_9                             0x080005dc   Number         4  main.o(.text)
    __arm_cp.2_10                            0x080005e0   Number         4  main.o(.text)
    __arm_cp.3_0                             0x0800067c   Number         4  main.o(.text)
    __arm_cp.3_1                             0x08000680   Number         4  main.o(.text)
    __arm_cp.3_2                             0x08000684   Number         4  main.o(.text)
    __arm_cp.3_3                             0x08000688   Number         4  main.o(.text)
    __arm_cp.3_4                             0x0800068c   Number         4  main.o(.text)
    __arm_cp.3_5                             0x08000690   Number         4  main.o(.text)
    __arm_cp.3_6                             0x08000694   Number         4  main.o(.text)
    __arm_cp.3_7                             0x08000698   Number         4  main.o(.text)
    __arm_cp.4_0                             0x080006d0   Number         4  main.o(.text)
    __arm_cp.4_1                             0x080006d4   Number         4  main.o(.text)
    __arm_cp.4_2                             0x080006d8   Number         4  main.o(.text)
    .text                                    0x080006dc   Section      124  datainit_ctboard.o(.text)
    .text                                    0x08000758   Section       36  startup_ctboard.o(.text)
    [Anonymous Symbol]                       0x0800077c   Section        0  system_ctboard.o(.text)
    init_SystemClock                         0x08000799   Thumb Code   168  system_ctboard.o(.text)
    __arm_cp.2_0                             0x08000840   Number         4  system_ctboard.o(.text)
    __arm_cp.2_1                             0x08000844   Number         4  system_ctboard.o(.text)
    __arm_cp.2_2                             0x08000848   Number         4  system_ctboard.o(.text)
    __arm_cp.2_3                             0x0800084c   Number         4  system_ctboard.o(.text)
    __arm_cp.2_4                             0x08000850   Number         4  system_ctboard.o(.text)
    init_FPU                                 0x08000855   Thumb Code     2  system_ctboard.o(.text)
    init_FMC_SRAM                            0x08000859   Thumb Code   340  system_ctboard.o(.text)
    __arm_cp.4_0                             0x080009ac   Number         4  system_ctboard.o(.text)
    __arm_cp.4_1                             0x080009b0   Number         4  system_ctboard.o(.text)
    __arm_cp.4_2                             0x080009b4   Number         4  system_ctboard.o(.text)
    __arm_cp.4_3                             0x080009b8   Number         4  system_ctboard.o(.text)
    __arm_cp.4_4                             0x080009bc   Number         4  system_ctboard.o(.text)
    __arm_cp.4_5                             0x080009c0   Number         4  system_ctboard.o(.text)
    __arm_cp.4_6                             0x080009c4   Number         4  system_ctboard.o(.text)
    __arm_cp.4_7                             0x080009c8   Number         4  system_ctboard.o(.text)
    __arm_cp.4_8                             0x080009cc   Number         4  system_ctboard.o(.text)
    __arm_cp.4_9                             0x080009d0   Number         4  system_ctboard.o(.text)
    init_LCD                                 0x080009d5   Thumb Code    32  system_ctboard.o(.text)
    __arm_cp.5_0                             0x080009f4   Number         4  system_ctboard.o(.text)
    [Anonymous Symbol]                       0x08000a0c   Section        0  hal_ct_lcd.o(.text)
    __arm_cp.0_0                             0x08000a64   Number         4  hal_ct_lcd.o(.text)
    __arm_cp.1_0                             0x08000aa8   Number         4  hal_ct_lcd.o(.text)
    __arm_cp.1_1                             0x08000aac   Number         4  hal_ct_lcd.o(.text)
    __arm_cp.1_2                             0x08000ab0   Number         4  hal_ct_lcd.o(.text)
    __arm_cp.2_0                             0x08000ad0   Number         4  hal_ct_lcd.o(.text)
    [Anonymous Symbol]                       0x08000ad4   Section        0  hal_fmc.o(.text)
    __arm_cp.0_0                             0x08000b3c   Number         4  hal_fmc.o(.text)
    __arm_cp.0_1                             0x08000b40   Number         4  hal_fmc.o(.text)
    __arm_cp.0_2                             0x08000b44   Number         4  hal_fmc.o(.text)
    __arm_cp.0_3                             0x08000b48   Number         4  hal_fmc.o(.text)
    __arm_cp.0_4                             0x08000b4c   Number         4  hal_fmc.o(.text)
    __arm_cp.0_5                             0x08000b50   Number         4  hal_fmc.o(.text)
    __arm_cp.0_6                             0x08000b54   Number         4  hal_fmc.o(.text)
    __arm_cp.0_7                             0x08000b58   Number         4  hal_fmc.o(.text)
    __arm_cp.0_8                             0x08000b5c   Number         4  hal_fmc.o(.text)
    __arm_cp.0_9                             0x08000b60   Number         4  hal_fmc.o(.text)
    __arm_cp.1_0                             0x08000d90   Number         4  hal_fmc.o(.text)
    __arm_cp.1_1                             0x08000d94   Number         4  hal_fmc.o(.text)
    __arm_cp.1_2                             0x08000d98   Number         4  hal_fmc.o(.text)
    __arm_cp.1_3                             0x08000d9c   Number         4  hal_fmc.o(.text)
    __arm_cp.1_4                             0x08000da0   Number         4  hal_fmc.o(.text)
    __arm_cp.1_5                             0x08000da4   Number         4  hal_fmc.o(.text)
    __arm_cp.1_6                             0x08000da8   Number         4  hal_fmc.o(.text)
    [Anonymous Symbol]                       0x08000dac   Section        0  hal_gpio.o(.text)
    __arm_cp.0_0                             0x08000e1c   Number         4  hal_gpio.o(.text)
    __arm_cp.0_1                             0x08000e20   Number         4  hal_gpio.o(.text)
    intercept_overwrite_register             0x08000ea1   Thumb Code    48  hal_gpio.o(.text)
    __arm_cp.2_0                             0x08000ed0   Number         4  hal_gpio.o(.text)
    __arm_cp.2_1                             0x08000ed4   Number         4  hal_gpio.o(.text)
    __arm_cp.2_2                             0x08000ed8   Number         4  hal_gpio.o(.text)
    create_pattern_mask                      0x08000edd   Thumb Code   156  hal_gpio.o(.text)
    __arm_cp.13_0                            0x0800158c   Number         4  hal_gpio.o(.text)
    __arm_cp.13_1                            0x08001590   Number         4  hal_gpio.o(.text)
    __arm_cp.13_2                            0x08001594   Number         4  hal_gpio.o(.text)
    __arm_cp.13_3                            0x08001598   Number         4  hal_gpio.o(.text)
    __arm_cp.13_4                            0x0800159c   Number         4  hal_gpio.o(.text)
    __arm_cp.13_5                            0x080015a0   Number         4  hal_gpio.o(.text)
    __arm_cp.13_6                            0x080015a4   Number         4  hal_gpio.o(.text)
    __arm_cp.13_7                            0x080015a8   Number         4  hal_gpio.o(.text)
    __arm_cp.13_8                            0x080015ac   Number         4  hal_gpio.o(.text)
    __arm_cp.13_9                            0x080015b0   Number         4  hal_gpio.o(.text)
    __arm_cp.13_10                           0x080015b4   Number         4  hal_gpio.o(.text)
    __arm_cp.13_11                           0x080015b8   Number         4  hal_gpio.o(.text)
    __arm_cp.13_12                           0x080015bc   Number         4  hal_gpio.o(.text)
    get_syscfg_mask                          0x080015c1   Thumb Code   232  hal_gpio.o(.text)
    __arm_cp.14_0                            0x080016a8   Number         4  hal_gpio.o(.text)
    __arm_cp.14_1                            0x080016ac   Number         4  hal_gpio.o(.text)
    __arm_cp.14_2                            0x080016b0   Number         4  hal_gpio.o(.text)
    __arm_cp.14_3                            0x080016b4   Number         4  hal_gpio.o(.text)
    __arm_cp.14_4                            0x080016b8   Number         4  hal_gpio.o(.text)
    __arm_cp.14_5                            0x080016bc   Number         4  hal_gpio.o(.text)
    __arm_cp.14_6                            0x080016c0   Number         4  hal_gpio.o(.text)
    __arm_cp.14_7                            0x080016c4   Number         4  hal_gpio.o(.text)
    __arm_cp.14_8                            0x080016c8   Number         4  hal_gpio.o(.text)
    __arm_cp.14_9                            0x080016cc   Number         4  hal_gpio.o(.text)
    __arm_cp.15_0                            0x08001710   Number         4  hal_gpio.o(.text)
    __arm_cp.15_1                            0x08001714   Number         4  hal_gpio.o(.text)
    __arm_cp.16_0                            0x08001730   Number         4  hal_gpio.o(.text)
    [Anonymous Symbol]                       0x08001734   Section        0  hal_pwr.o(.text)
    __arm_cp.0_0                             0x08001744   Number         4  hal_pwr.o(.text)
    __arm_cp.0_1                             0x08001748   Number         4  hal_pwr.o(.text)
    __arm_cp.1_0                             0x080017e0   Number         4  hal_pwr.o(.text)
    __arm_cp.2_0                             0x08001810   Number         4  hal_pwr.o(.text)
    __arm_cp.3_0                             0x08001840   Number         4  hal_pwr.o(.text)
    __arm_cp.4_0                             0x08001870   Number         4  hal_pwr.o(.text)
    [Anonymous Symbol]                       0x08001888   Section        0  hal_rcc.o(.text)
    __arm_cp.0_0                             0x0800191c   Number         4  hal_rcc.o(.text)
    __arm_cp.0_1                             0x08001920   Number         4  hal_rcc.o(.text)
    __arm_cp.0_2                             0x08001924   Number         4  hal_rcc.o(.text)
    __arm_cp.0_3                             0x08001928   Number         4  hal_rcc.o(.text)
    __arm_cp.0_4                             0x0800192c   Number         4  hal_rcc.o(.text)
    __arm_cp.0_5                             0x08001930   Number         4  hal_rcc.o(.text)
    __arm_cp.0_6                             0x08001934   Number         4  hal_rcc.o(.text)
    __arm_cp.0_7                             0x08001938   Number         4  hal_rcc.o(.text)
    __arm_cp.0_8                             0x0800193c   Number         4  hal_rcc.o(.text)
    __arm_cp.0_9                             0x08001940   Number         4  hal_rcc.o(.text)
    __arm_cp.0_10                            0x08001944   Number         4  hal_rcc.o(.text)
    __arm_cp.0_11                            0x08001948   Number         4  hal_rcc.o(.text)
    __arm_cp.0_12                            0x0800194c   Number         4  hal_rcc.o(.text)
    __arm_cp.0_13                            0x08001950   Number         4  hal_rcc.o(.text)
    __arm_cp.0_14                            0x08001954   Number         4  hal_rcc.o(.text)
    __arm_cp.0_15                            0x08001958   Number         4  hal_rcc.o(.text)
    __arm_cp.0_16                            0x0800195c   Number         4  hal_rcc.o(.text)
    __arm_cp.0_17                            0x08001960   Number         4  hal_rcc.o(.text)
    __arm_cp.0_18                            0x08001964   Number         4  hal_rcc.o(.text)
    __arm_cp.0_19                            0x08001968   Number         4  hal_rcc.o(.text)
    __arm_cp.0_20                            0x0800196c   Number         4  hal_rcc.o(.text)
    __arm_cp.0_21                            0x08001970   Number         4  hal_rcc.o(.text)
    __arm_cp.0_22                            0x08001974   Number         4  hal_rcc.o(.text)
    __arm_cp.0_23                            0x08001978   Number         4  hal_rcc.o(.text)
    __arm_cp.0_24                            0x0800197c   Number         4  hal_rcc.o(.text)
    __arm_cp.0_25                            0x08001980   Number         4  hal_rcc.o(.text)
    __arm_cp.0_26                            0x08001984   Number         4  hal_rcc.o(.text)
    __arm_cp.0_27                            0x08001988   Number         4  hal_rcc.o(.text)
    __arm_cp.0_28                            0x0800198c   Number         4  hal_rcc.o(.text)
    __arm_cp.0_29                            0x08001990   Number         4  hal_rcc.o(.text)
    __arm_cp.0_30                            0x08001994   Number         4  hal_rcc.o(.text)
    __arm_cp.0_31                            0x08001998   Number         4  hal_rcc.o(.text)
    __arm_cp.1_0                             0x08001b28   Number         4  hal_rcc.o(.text)
    __arm_cp.1_1                             0x08001b2c   Number         4  hal_rcc.o(.text)
    __arm_cp.1_2                             0x08001b30   Number         4  hal_rcc.o(.text)
    __arm_cp.1_3                             0x08001b34   Number         4  hal_rcc.o(.text)
    __arm_cp.2_0                             0x08001c28   Number         4  hal_rcc.o(.text)
    __arm_cp.2_1                             0x08001c2c   Number         4  hal_rcc.o(.text)
    __arm_cp.2_2                             0x08001c30   Number         4  hal_rcc.o(.text)
    __arm_cp.3_0                             0x08001d6c   Number         4  hal_rcc.o(.text)
    __arm_cp.3_1                             0x08001d70   Number         4  hal_rcc.o(.text)
    __arm_cp.3_2                             0x08001d74   Number         4  hal_rcc.o(.text)
    __arm_cp.3_3                             0x08001d78   Number         4  hal_rcc.o(.text)
    __arm_cp.3_4                             0x08001d7c   Number         4  hal_rcc.o(.text)
    __arm_cp.3_5                             0x08001d80   Number         4  hal_rcc.o(.text)
    __arm_cp.4_0                             0x08001e18   Number         4  hal_rcc.o(.text)
    __arm_cp.4_1                             0x08001e1c   Number         4  hal_rcc.o(.text)
    [Anonymous Symbol]                       0x08001e20   Section        0  hal_timer.o(.text)
    __arm_cp.0_0                             0x08001f74   Number         4  hal_timer.o(.text)
    __arm_cp.0_1                             0x08001f78   Number         4  hal_timer.o(.text)
    __arm_cp.0_2                             0x08001f7c   Number         4  hal_timer.o(.text)
    __arm_cp.0_3                             0x08001f80   Number         4  hal_timer.o(.text)
    get_irq_param                            0x08001f85   Thumb Code   528  hal_timer.o(.text)
    __arm_cp.1_0                             0x08002194   Number         4  hal_timer.o(.text)
    __arm_cp.1_1                             0x08002198   Number         4  hal_timer.o(.text)
    __arm_cp.1_2                             0x0800219c   Number         4  hal_timer.o(.text)
    __arm_cp.1_3                             0x080021a0   Number         4  hal_timer.o(.text)
    __arm_cp.1_4                             0x080021a4   Number         4  hal_timer.o(.text)
    __arm_cp.1_5                             0x080021a8   Number         4  hal_timer.o(.text)
    __arm_cp.1_6                             0x080021ac   Number         4  hal_timer.o(.text)
    __arm_cp.1_7                             0x080021b0   Number         4  hal_timer.o(.text)
    __arm_cp.1_8                             0x080021b4   Number         4  hal_timer.o(.text)
    __arm_cp.1_9                             0x080021b8   Number         4  hal_timer.o(.text)
    __arm_cp.1_10                            0x080021bc   Number         4  hal_timer.o(.text)
    __arm_cp.1_11                            0x080021c0   Number         4  hal_timer.o(.text)
    __arm_cp.1_12                            0x080021c4   Number         4  hal_timer.o(.text)
    __arm_cp.2_0                             0x0800225c   Number         4  hal_timer.o(.text)
    set_channel_ccreg                        0x08002329   Thumb Code   202  hal_timer.o(.text)
    set_channel_polarity                     0x080023f3   Thumb Code    92  hal_timer.o(.text)
    __arm_cp.8_0                             0x0800251c   Number         4  hal_timer.o(.text)
    __arm_cp.8_1                             0x08002520   Number         4  hal_timer.o(.text)
    __arm_cp.9_0                             0x080025e0   Number         4  hal_timer.o(.text)
    adv_main_output_set                      0x080025e5   Thumb Code    46  hal_timer.o(.text)
    __arm_cp.13_0                            0x080026c4   Number         4  hal_timer.o(.text)
    __arm_cp.13_1                            0x080026c8   Number         4  hal_timer.o(.text)
    __arm_cp.13_2                            0x080026cc   Number         4  hal_timer.o(.text)
    __arm_cp.13_3                            0x080026d0   Number         4  hal_timer.o(.text)
    __arm_cp.17_0                            0x08002780   Number         4  hal_timer.o(.text)
    __arm_cp.18_0                            0x080027b8   Number         4  hal_timer.o(.text)
    __arm_cp.19_0                            0x08002800   Number         4  hal_timer.o(.text)
    __arm_cp.20_0                            0x080028bc   Number         4  hal_timer.o(.text)
    .text                                    0x080028c0   Section        0  sprintf.o(.text)
    .text                                    0x080028ec   Section      364  aeabi_sdiv.o(.text)
    .text                                    0x08002a58   Section        0  _printf_pad.o(.text)
    .text                                    0x08002aa6   Section        0  _printf_truncate.o(.text)
    .text                                    0x08002aca   Section        0  _printf_str.o(.text)
    .text                                    0x08002b1c   Section        0  _printf_dec.o(.text)
    .text                                    0x08002b88   Section        0  _printf_charcount.o(.text)
    _printf_input_char                       0x08002bb1   Thumb Code    10  _printf_char_common.o(.text)
    .text                                    0x08002bb0   Section        0  _printf_char_common.o(.text)
    .text                                    0x08002be0   Section        0  _sputc.o(.text)
    .text                                    0x08002bec   Section        0  _printf_wctomb.o(.text)
    .text                                    0x08002ca8   Section        0  _printf_longlong_dec.o(.text)
    _printf_longlong_oct_internal            0x08002d19   Thumb Code     0  _printf_oct_int_ll.o(.text)
    .text                                    0x08002d18   Section        0  _printf_oct_int_ll.o(.text)
    _printf_hex_common                       0x08002d89   Thumb Code     0  _printf_hex_int_ll_ptr.o(.text)
    .text                                    0x08002d88   Section        0  _printf_hex_int_ll_ptr.o(.text)
    .text                                    0x08002e20   Section        0  __printf_flags_ss_wp.o(.text)
    .text                                    0x08002fa8   Section        0  lludiv10.o(.text)
    .text                                    0x08003022   Section        0  _printf_intcommon.o(.text)
    _fp_digits                               0x080030d5   Thumb Code   412  _printf_fp_dec.o(.text)
    .text                                    0x080030d4   Section        0  _printf_fp_dec.o(.text)
    .text                                    0x080034e8   Section        0  _printf_fp_hex.o(.text)
    .text                                    0x080037c0   Section        0  _printf_char.o(.text)
    .text                                    0x080037ee   Section        0  _printf_wchar.o(.text)
    .text                                    0x0800381c   Section        0  _c32rtomb.o(.text)
    .text                                    0x0800385e   Section        0  rtudiv10.o(.text)
    .text                                    0x08003888   Section       16  rt_ctype_table.o(.text)
    .text                                    0x08003898   Section        8  rt_locale.o(.text)
    .text                                    0x080038a0   Section        0  _printf_fp_infnan.o(.text)
    .text                                    0x08003928   Section        0  bigflt0.o(.text)
    .text                                    0x08003a00   Section        0  btod.o(.text)
    btod_internal_mul                        0x08003a41   Thumb Code   492  btod.o(.text)
    btod_internal_div                        0x08003c2d   Thumb Code   520  btod.o(.text)
    .text                                    0x08003f80   Section        0  strcmp.o(.text)
    i.__ARM_common_ll_muluu                  0x08004008   Section        0  btod.o(i.__ARM_common_ll_muluu)
    i.__ARM_fpclassify                       0x08004038   Section        0  fpclassify.o(i.__ARM_fpclassify)
    i._is_digit                              0x08004064   Section        0  __printf_wp.o(i._is_digit)
    locale$$code                             0x08004074   Section       44  lc_numeric_c.o(locale$$code)
    locale$$code                             0x080040a0   Section       44  lc_ctype_c.o(locale$$code)
    x$fpl$printf1                            0x080040cc   Section       16  printf1.o(x$fpl$printf1)
    x$fpl$printf2                            0x080040dc   Section       16  printf2.o(x$fpl$printf2)
    initial_mbstate                          0x080040ec   Data           8  _printf_wctomb.o(.constdata)
    .constdata                               0x080040ec   Section        8  _printf_wctomb.o(.constdata)
    x$fpl$usenofp                            0x080040ec   Section        0  usenofp.o(x$fpl$usenofp)
    uc_hextab                                0x080040f4   Data          20  _printf_hex_int_ll_ptr.o(.constdata)
    .constdata                               0x080040f4   Section       40  _printf_hex_int_ll_ptr.o(.constdata)
    lc_hextab                                0x08004108   Data          20  _printf_hex_int_ll_ptr.o(.constdata)
    maptable                                 0x0800411c   Data          17  __printf_flags_ss_wp.o(.constdata)
    .constdata                               0x0800411c   Section       17  __printf_flags_ss_wp.o(.constdata)
    lc_hextab                                0x0800412d   Data          19  _printf_fp_hex.o(.constdata)
    .constdata                               0x0800412d   Section       38  _printf_fp_hex.o(.constdata)
    uc_hextab                                0x08004140   Data          19  _printf_fp_hex.o(.constdata)
    tenpwrs_x                                0x08004154   Data          60  bigflt0.o(.constdata)
    .constdata                               0x08004154   Section      148  bigflt0.o(.constdata)
    tenpwrs_i                                0x08004190   Data          64  bigflt0.o(.constdata)
    [Anonymous Symbol]                       0x080041e8   Section        0  main.o(.rodata.str1.1)
    [Anonymous Symbol]                       0x08004204   Section        0  hal_ct_lcd.o(.rodata.str1.1)
    locale$$data                             0x0800421c   Section       28  lc_numeric_c.o(locale$$data)
    __lcnum_c_name                           0x08004220   Data           2  lc_numeric_c.o(locale$$data)
    __lcnum_c_start                          0x08004228   Data           0  lc_numeric_c.o(locale$$data)
    __lcnum_c_point                          0x08004234   Data           0  lc_numeric_c.o(locale$$data)
    __lcnum_c_thousands                      0x08004236   Data           0  lc_numeric_c.o(locale$$data)
    __lcnum_c_grouping                       0x08004237   Data           0  lc_numeric_c.o(locale$$data)
    __lcnum_c_end                            0x08004238   Data           0  lc_numeric_c.o(locale$$data)
    locale$$data                             0x08004238   Section      272  lc_ctype_c.o(locale$$data)
    __lcctype_c_name                         0x0800423c   Data           2  lc_ctype_c.o(locale$$data)
    __lcctype_c_start                        0x08004244   Data           0  lc_ctype_c.o(locale$$data)
    __lcctype_c_end                          0x08004348   Data           0  lc_ctype_c.o(locale$$data)
    min_latency                              0x20000000   Data           4  main.o(.data.min_latency)
    [Anonymous Symbol]                       0x20000000   Section        0  main.o(.data.min_latency)
    __rt_locale_data                         0x20000008   Data          20  rt_locale.o(.bss)
    .bss                                     0x20000008   Section       20  rt_locale.o(.bss)
    avg_latency                              0x2000001c   Data           4  main.o(.bss.avg_latency)
    [Anonymous Symbol]                       0x2000001c   Section        0  main.o(.bss.avg_latency)
    avg_tisr                                 0x20000020   Data           4  main.o(.bss.avg_tisr)
    [Anonymous Symbol]                       0x20000020   Section        0  main.o(.bss.avg_tisr)
    dummy_counter                            0x20000024   Data           4  main.o(.bss.dummy_counter)
    [Anonymous Symbol]                       0x20000024   Section        0  main.o(.bss.dummy_counter)
    max_latency                              0x20000028   Data           4  main.o(.bss.max_latency)
    [Anonymous Symbol]                       0x20000028   Section        0  main.o(.bss.max_latency)
    measurement_done                         0x2000002c   Data           4  main.o(.bss.measurement_done)
    [Anonymous Symbol]                       0x2000002c   Section        0  main.o(.bss.measurement_done)
    sum_latency                              0x20000030   Data           4  main.o(.bss.sum_latency)
    [Anonymous Symbol]                       0x20000030   Section        0  main.o(.bss.sum_latency)
    sum_tisr                                 0x20000034   Data           4  main.o(.bss.sum_tisr)
    [Anonymous Symbol]                       0x20000034   Section        0  main.o(.bss.sum_tisr)
    tim2_interrupt_counter                   0x20000038   Data           4  main.o(.bss.tim2_interrupt_counter)
    [Anonymous Symbol]                       0x20000038   Section        0  main.o(.bss.tim2_interrupt_counter)
    tim3_interrupt_counter                   0x2000003c   Data           4  main.o(.bss.tim3_interrupt_counter)
    [Anonymous Symbol]                       0x2000003c   Section        0  main.o(.bss.tim3_interrupt_counter)
    STACK                                    0x20000040   Section     8192  startup_ctboard.o(STACK)
    __initial_sp                             0x20002040   Data           0  startup_ctboard.o(STACK)

    Global Symbols

    Symbol Name                              Value     Ov Type        Size  Object(Section)

    BuildAttributes$$THM_ISAv3M$S$PE$A:L22$X:L11$S22$IEEE1$IW$~IW$USESV6$~STKCKD$USESV7$WCHAR32$ENUMINT$~SHL$OTIME$ROPI$IEEEJ$EBA8$STANDARDLIB$REQ8$PRES8$EABIv2 0x00000000   Number         0  anon$$obj.o ABSOLUTE
    _printf_flags                            0x00000000   Number         0  printf_stubs.o ABSOLUTE
    _printf_return_value                     0x00000000   Number         0  printf_stubs.o ABSOLUTE
    _printf_sizespec                         0x00000000   Number         0  printf_stubs.o ABSOLUTE
    _printf_widthprec                        0x00000000   Number         0  printf_stubs.o ABSOLUTE
    Image$$RO$$Limit                          - Undefined Weak Reference
    Image$$RW$$Base                           - Undefined Weak Reference
    Image$$ZI$$Base                           - Undefined Weak Reference
    Image$$ZI$$Limit                          - Undefined Weak Reference
    __ARM_exceptions_init                     - Undefined Weak Reference
    __alloca_initialize                       - Undefined Weak Reference
    __arm_preinit_                            - Undefined Weak Reference
    __arm_relocate_pie_                       - Undefined Weak Reference
    __cpp_initialize__aeabi_                  - Undefined Weak Reference
    __sigvec_lookup                           - Undefined Weak Reference
    _atexit_init                              - Undefined Weak Reference
    _clock_init                               - Undefined Weak Reference
    _fp_trap_init                             - Undefined Weak Reference
    _get_lc_collate                           - Undefined Weak Reference
    _get_lc_monetary                          - Undefined Weak Reference
    _get_lc_time                              - Undefined Weak Reference
    _getenv_init                              - Undefined Weak Reference
    _handle_redirection                       - Undefined Weak Reference
    _init_alloc                               - Undefined Weak Reference
    _init_user_alloc                          - Undefined Weak Reference
    _initio                                   - Undefined Weak Reference
    _printf_mbtowc                            - Undefined Weak Reference
    _printf_wc                                - Undefined Weak Reference
    _rand_init                                - Undefined Weak Reference
    _signal_init                              - Undefined Weak Reference
    __Vectors_Size                           0x000001ac   Number         0  startup_ctboard.o ABSOLUTE
    Stack_Size                               0x00002000   Number         0  startup_ctboard.o ABSOLUTE
    __Vectors                                0x08000000   Data           4  startup_ctboard.o(RESET)
    __Vectors_End                            0x080001ac   Data           0  startup_ctboard.o(RESET)
    _printf_percent                          0x080001ad   Thumb Code     0  _printf_percent.o(.ARM.Collect$$_printf_percent$$00000000)
    _printf_n                                0x080001af   Thumb Code     0  _printf_n.o(.ARM.Collect$$_printf_percent$$00000001)
    _printf_p                                0x080001b9   Thumb Code     0  _printf_p.o(.ARM.Collect$$_printf_percent$$00000002)
    _printf_f                                0x080001c3   Thumb Code     0  _printf_f.o(.ARM.Collect$$_printf_percent$$00000003)
    _printf_e                                0x080001cd   Thumb Code     0  _printf_e.o(.ARM.Collect$$_printf_percent$$00000004)
    _printf_g                                0x080001d7   Thumb Code     0  _printf_g.o(.ARM.Collect$$_printf_percent$$00000005)
    _printf_a                                0x080001e1   Thumb Code     0  _printf_a.o(.ARM.Collect$$_printf_percent$$00000006)
    _printf_ll                               0x080001eb   Thumb Code     0  _printf_ll.o(.ARM.Collect$$_printf_percent$$00000007)
    _printf_i                                0x080001f5   Thumb Code     0  _printf_i.o(.ARM.Collect$$_printf_percent$$00000008)
    _printf_d                                0x080001ff   Thumb Code     0  _printf_d.o(.ARM.Collect$$_printf_percent$$00000009)
    _printf_u                                0x08000209   Thumb Code     0  _printf_u.o(.ARM.Collect$$_printf_percent$$0000000A)
    _printf_o                                0x08000213   Thumb Code     0  _printf_o.o(.ARM.Collect$$_printf_percent$$0000000B)
    _printf_x                                0x0800021d   Thumb Code     0  _printf_x.o(.ARM.Collect$$_printf_percent$$0000000C)
    _printf_lli                              0x08000227   Thumb Code     0  _printf_lli.o(.ARM.Collect$$_printf_percent$$0000000D)
    _printf_lld                              0x08000231   Thumb Code     0  _printf_lld.o(.ARM.Collect$$_printf_percent$$0000000E)
    _printf_llu                              0x0800023b   Thumb Code     0  _printf_llu.o(.ARM.Collect$$_printf_percent$$0000000F)
    _printf_llo                              0x08000245   Thumb Code     0  _printf_llo.o(.ARM.Collect$$_printf_percent$$00000010)
    _printf_llx                              0x0800024f   Thumb Code     0  _printf_llx.o(.ARM.Collect$$_printf_percent$$00000011)
    _printf_l                                0x08000259   Thumb Code     0  _printf_l.o(.ARM.Collect$$_printf_percent$$00000012)
    _printf_c                                0x08000263   Thumb Code     0  _printf_c.o(.ARM.Collect$$_printf_percent$$00000013)
    _printf_s                                0x0800026d   Thumb Code     0  _printf_s.o(.ARM.Collect$$_printf_percent$$00000014)
    _printf_lc                               0x08000277   Thumb Code     0  _printf_lc.o(.ARM.Collect$$_printf_percent$$00000015)
    _printf_ls                               0x08000281   Thumb Code     0  _printf_ls.o(.ARM.Collect$$_printf_percent$$00000016)
    _printf_percent_end                      0x0800028b   Thumb Code     0  _printf_percent_end.o(.ARM.Collect$$_printf_percent$$00000017)
    __rt_lib_init_lc_ctype_2                 0x0800028f   Thumb Code     0  libinit2.o(.ARM.Collect$$libinit$$00000015)
    __rt_lib_init_lc_numeric_2               0x0800028f   Thumb Code     0  libinit2.o(.ARM.Collect$$libinit$$00000019)
    main                                     0x08000291   Thumb Code   380  main.o(.text)
    TIM2_IRQHandler                          0x080005e5   Thumb Code   152  main.o(.text)
    TIM3_IRQHandler                          0x0800069d   Thumb Code    52  main.o(.text)
    __main                                   0x080006dd   Thumb Code    74  datainit_ctboard.o(.text)
    Reset_Handler                            0x08000759   Thumb Code     8  startup_ctboard.o(.text)
    NMI_Handler                              0x08000761   Thumb Code     2  startup_ctboard.o(.text)
    HardFault_Handler                        0x08000763   Thumb Code     2  startup_ctboard.o(.text)
    MemManage_Handler                        0x08000765   Thumb Code     2  startup_ctboard.o(.text)
    BusFault_Handler                         0x08000767   Thumb Code     2  startup_ctboard.o(.text)
    UsageFault_Handler                       0x08000769   Thumb Code     2  startup_ctboard.o(.text)
    SVC_Handler                              0x0800076b   Thumb Code     2  startup_ctboard.o(.text)
    DebugMon_Handler                         0x0800076d   Thumb Code     2  startup_ctboard.o(.text)
    PendSV_Handler                           0x0800076f   Thumb Code     2  startup_ctboard.o(.text)
    SysTick_Handler                          0x08000771   Thumb Code     2  startup_ctboard.o(.text)
    ADC_IRQHandler                           0x08000773   Thumb Code     0  startup_ctboard.o(.text)
    CAN1_RX0_IRQHandler                      0x08000773   Thumb Code     0  startup_ctboard.o(.text)
    CAN1_RX1_IRQHandler                      0x08000773   Thumb Code     0  startup_ctboard.o(.text)
    CAN1_SCE_IRQHandler                      0x08000773   Thumb Code     0  startup_ctboard.o(.text)
    CAN1_TX_IRQHandler                       0x08000773   Thumb Code     0  startup_ctboard.o(.text)
    CAN2_RX0_IRQHandler                      0x08000773   Thumb Code     0  startup_ctboard.o(.text)
    CAN2_RX1_IRQHandler                      0x08000773   Thumb Code     0  startup_ctboard.o(.text)
    CAN2_SCE_IRQHandler                      0x08000773   Thumb Code     0  startup_ctboard.o(.text)
    CAN2_TX_IRQHandler                       0x08000773   Thumb Code     0  startup_ctboard.o(.text)
    CRYP_IRQHandler                          0x08000773   Thumb Code     0  startup_ctboard.o(.text)
    DCMI_IRQHandler                          0x08000773   Thumb Code     0  startup_ctboard.o(.text)
    DMA1_Stream0_IRQHandler                  0x08000773   Thumb Code     0  startup_ctboard.o(.text)
    DMA1_Stream1_IRQHandler                  0x08000773   Thumb Code     0  startup_ctboard.o(.text)
    DMA1_Stream2_IRQHandler                  0x08000773   Thumb Code     0  startup_ctboard.o(.text)
    DMA1_Stream3_IRQHandler                  0x08000773   Thumb Code     0  startup_ctboard.o(.text)
    DMA1_Stream4_IRQHandler                  0x08000773   Thumb Code     0  startup_ctboard.o(.text)
    DMA1_Stream5_IRQHandler                  0x08000773   Thumb Code     0  startup_ctboard.o(.text)
    DMA1_Stream6_IRQHandler                  0x08000773   Thumb Code     0  startup_ctboard.o(.text)
    DMA1_Stream7_IRQHandler                  0x08000773   Thumb Code     0  startup_ctboard.o(.text)
    DMA2D_IRQHandler                         0x08000773   Thumb Code     0  startup_ctboard.o(.text)
    DMA2_Stream0_IRQHandler                  0x08000773   Thumb Code     0  startup_ctboard.o(.text)
    DMA2_Stream1_IRQHandler                  0x08000773   Thumb Code     0  startup_ctboard.o(.text)
    DMA2_Stream2_IRQHandler                  0x08000773   Thumb Code     0  startup_ctboard.o(.text)
    DMA2_Stream3_IRQHandler                  0x08000773   Thumb Code     0  startup_ctboard.o(.text)
    DMA2_Stream4_IRQHandler                  0x08000773   Thumb Code     0  startup_ctboard.o(.text)
    DMA2_Stream5_IRQHandler                  0x08000773   Thumb Code     0  startup_ctboard.o(.text)
    DMA2_Stream6_IRQHandler                  0x08000773   Thumb Code     0  startup_ctboard.o(.text)
    DMA2_Stream7_IRQHandler                  0x08000773   Thumb Code     0  startup_ctboard.o(.text)
    ETH_IRQHandler                           0x08000773   Thumb Code     0  startup_ctboard.o(.text)
    ETH_WKUP_IRQHandler                      0x08000773   Thumb Code     0  startup_ctboard.o(.text)
    EXTI0_IRQHandler                         0x08000773   Thumb Code     0  startup_ctboard.o(.text)
    EXTI15_10_IRQHandler                     0x08000773   Thumb Code     0  startup_ctboard.o(.text)
    EXTI1_IRQHandler                         0x08000773   Thumb Code     0  startup_ctboard.o(.text)
    EXTI2_IRQHandler                         0x08000773   Thumb Code     0  startup_ctboard.o(.text)
    EXTI3_IRQHandler                         0x08000773   Thumb Code     0  startup_ctboard.o(.text)
    EXTI4_IRQHandler                         0x08000773   Thumb Code     0  startup_ctboard.o(.text)
    EXTI9_5_IRQHandler                       0x08000773   Thumb Code     0  startup_ctboard.o(.text)
    FLASH_IRQHandler                         0x08000773   Thumb Code     0  startup_ctboard.o(.text)
    FMC_IRQHandler                           0x08000773   Thumb Code     0  startup_ctboard.o(.text)
    FPU_IRQHandler                           0x08000773   Thumb Code     0  startup_ctboard.o(.text)
    HASH_RNG_IRQHandler                      0x08000773   Thumb Code     0  startup_ctboard.o(.text)
    I2C1_ER_IRQHandler                       0x08000773   Thumb Code     0  startup_ctboard.o(.text)
    I2C1_EV_IRQHandler                       0x08000773   Thumb Code     0  startup_ctboard.o(.text)
    I2C2_ER_IRQHandler                       0x08000773   Thumb Code     0  startup_ctboard.o(.text)
    I2C2_EV_IRQHandler                       0x08000773   Thumb Code     0  startup_ctboard.o(.text)
    I2C3_ER_IRQHandler                       0x08000773   Thumb Code     0  startup_ctboard.o(.text)
    I2C3_EV_IRQHandler                       0x08000773   Thumb Code     0  startup_ctboard.o(.text)
    LTDC_ER_IRQHandler                       0x08000773   Thumb Code     0  startup_ctboard.o(.text)
    LTDC_IRQHandler                          0x08000773   Thumb Code     0  startup_ctboard.o(.text)
    OTG_FS_IRQHandler                        0x08000773   Thumb Code     0  startup_ctboard.o(.text)
    OTG_FS_WKUP_IRQHandler                   0x08000773   Thumb Code     0  startup_ctboard.o(.text)
    OTG_HS_EP1_IN_IRQHandler                 0x08000773   Thumb Code     0  startup_ctboard.o(.text)
    OTG_HS_EP1_OUT_IRQHandler                0x08000773   Thumb Code     0  startup_ctboard.o(.text)
    OTG_HS_IRQHandler                        0x08000773   Thumb Code     0  startup_ctboard.o(.text)
    OTG_HS_WKUP_IRQHandler                   0x08000773   Thumb Code     0  startup_ctboard.o(.text)
    PVD_IRQHandler                           0x08000773   Thumb Code     0  startup_ctboard.o(.text)
    RCC_IRQHandler                           0x08000773   Thumb Code     0  startup_ctboard.o(.text)
    RTC_Alarm_IRQHandler                     0x08000773   Thumb Code     0  startup_ctboard.o(.text)
    RTC_WKUP_IRQHandler                      0x08000773   Thumb Code     0  startup_ctboard.o(.text)
    SAI1_IRQHandler                          0x08000773   Thumb Code     0  startup_ctboard.o(.text)
    SDIO_IRQHandler                          0x08000773   Thumb Code     0  startup_ctboard.o(.text)
    SPI1_IRQHandler                          0x08000773   Thumb Code     0  startup_ctboard.o(.text)
    SPI2_IRQHandler                          0x08000773   Thumb Code     0  startup_ctboard.o(.text)
    SPI3_IRQHandler                          0x08000773   Thumb Code     0  startup_ctboard.o(.text)
    SPI4_IRQHandler                          0x08000773   Thumb Code     0  startup_ctboard.o(.text)
    SPI5_IRQHandler                          0x08000773   Thumb Code     0  startup_ctboard.o(.text)
    SPI6_IRQHandler                          0x08000773   Thumb Code     0  startup_ctboard.o(.text)
    TAMP_STAMP_IRQHandler                    0x08000773   Thumb Code     0  startup_ctboard.o(.text)
    TIM1_BRK_TIM9_IRQHandler                 0x08000773   Thumb Code     0  startup_ctboard.o(.text)
    TIM1_CC_IRQHandler                       0x08000773   Thumb Code     0  startup_ctboard.o(.text)
    TIM1_TRG_COM_TIM11_IRQHandler            0x08000773   Thumb Code     0  startup_ctboard.o(.text)
    TIM1_UP_TIM10_IRQHandler                 0x08000773   Thumb Code     0  startup_ctboard.o(.text)
    TIM4_IRQHandler                          0x08000773   Thumb Code     0  startup_ctboard.o(.text)
    TIM5_IRQHandler                          0x08000773   Thumb Code     0  startup_ctboard.o(.text)
    TIM6_DAC_IRQHandler                      0x08000773   Thumb Code     0  startup_ctboard.o(.text)
    TIM7_IRQHandler                          0x08000773   Thumb Code     0  startup_ctboard.o(.text)
    TIM8_BRK_TIM12_IRQHandler                0x08000773   Thumb Code     0  startup_ctboard.o(.text)
    TIM8_CC_IRQHandler                       0x08000773   Thumb Code     0  startup_ctboard.o(.text)
    TIM8_TRG_COM_TIM14_IRQHandler            0x08000773   Thumb Code     0  startup_ctboard.o(.text)
    TIM8_UP_TIM13_IRQHandler                 0x08000773   Thumb Code     0  startup_ctboard.o(.text)
    UART4_IRQHandler                         0x08000773   Thumb Code     0  startup_ctboard.o(.text)
    UART5_IRQHandler                         0x08000773   Thumb Code     0  startup_ctboard.o(.text)
    UART7_IRQHandler                         0x08000773   Thumb Code     0  startup_ctboard.o(.text)
    UART8_IRQHandler                         0x08000773   Thumb Code     0  startup_ctboard.o(.text)
    USART1_IRQHandler                        0x08000773   Thumb Code     0  startup_ctboard.o(.text)
    USART2_IRQHandler                        0x08000773   Thumb Code     0  startup_ctboard.o(.text)
    USART3_IRQHandler                        0x08000773   Thumb Code     0  startup_ctboard.o(.text)
    USART6_IRQHandler                        0x08000773   Thumb Code     0  startup_ctboard.o(.text)
    WWDG_IRQHandler                          0x08000773   Thumb Code     0  startup_ctboard.o(.text)
    __system                                 0x0800077d   Thumb Code     8  system_ctboard.o(.text)
    system_enter_run                         0x08000785   Thumb Code    20  system_ctboard.o(.text)
    system_enter_sleep                       0x080009f9   Thumb Code     8  system_ctboard.o(.text)
    system_enter_stop                        0x08000a01   Thumb Code    10  system_ctboard.o(.text)
    system_enter_standby                     0x08000a0b   Thumb Code     2  system_ctboard.o(.text)
    hal_ct_lcd_write                         0x08000a0d   Thumb Code    88  hal_ct_lcd.o(.text)
    hal_ct_lcd_color                         0x08000a69   Thumb Code    64  hal_ct_lcd.o(.text)
    hal_ct_lcd_clear                         0x08000ab5   Thumb Code    28  hal_ct_lcd.o(.text)
    hal_fmc_reset                            0x08000ad5   Thumb Code   104  hal_fmc.o(.text)
    hal_fmc_init_sram                        0x08000b65   Thumb Code   556  hal_fmc.o(.text)
    hal_gpio_reset                           0x08000dad   Thumb Code   112  hal_gpio.o(.text)
    hal_gpio_init_input                      0x08000e25   Thumb Code   122  hal_gpio.o(.text)
    hal_gpio_init_analog                     0x08000f79   Thumb Code    74  hal_gpio.o(.text)
    hal_gpio_init_output                     0x08000fc3   Thumb Code   206  hal_gpio.o(.text)
    hal_gpio_init_alternate                  0x08001091   Thumb Code   186  hal_gpio.o(.text)
    hal_gpio_input_read                      0x0800114b   Thumb Code    14  hal_gpio.o(.text)
    hal_gpio_output_read                     0x08001159   Thumb Code    14  hal_gpio.o(.text)
    hal_gpio_output_write                    0x08001167   Thumb Code    42  hal_gpio.o(.text)
    hal_gpio_bit_set                         0x08001191   Thumb Code    54  hal_gpio.o(.text)
    hal_gpio_bit_reset                       0x080011c7   Thumb Code    54  hal_gpio.o(.text)
    hal_gpio_bit_toggle                      0x080011fd   Thumb Code    78  hal_gpio.o(.text)
    hal_gpio_irq_set                         0x0800124d   Thumb Code   832  hal_gpio.o(.text)
    hal_gpio_irq_status                      0x080016d1   Thumb Code    64  hal_gpio.o(.text)
    hal_gpio_irq_clear                       0x08001719   Thumb Code    24  hal_gpio.o(.text)
    hal_pwr_reset                            0x08001735   Thumb Code    16  hal_pwr.o(.text)
    hal_pwr_set_backup_domain                0x0800174d   Thumb Code   148  hal_pwr.o(.text)
    hal_pwr_set_backup_access                0x080017e5   Thumb Code    44  hal_pwr.o(.text)
    hal_pwr_set_wakeup_pin                   0x08001815   Thumb Code    44  hal_pwr.o(.text)
    hal_pwr_set_flash_powerdown              0x08001845   Thumb Code    44  hal_pwr.o(.text)
    hal_pwr_set_overdrive                    0x08001875   Thumb Code    10  hal_pwr.o(.text)
    hal_pwr_set_underdrive                   0x0800187f   Thumb Code    10  hal_pwr.o(.text)
    hal_rcc_reset                            0x08001889   Thumb Code   148  hal_rcc.o(.text)
    hal_rcc_set_peripheral                   0x0800199d   Thumb Code   396  hal_rcc.o(.text)
    hal_rcc_set_osc                          0x08001b39   Thumb Code   240  hal_rcc.o(.text)
    hal_rcc_setup_pll                        0x08001c35   Thumb Code   312  hal_rcc.o(.text)
    hal_rcc_setup_clock                      0x08001d85   Thumb Code   148  hal_rcc.o(.text)
    hal_timer_reset                          0x08001e21   Thumb Code   340  hal_timer.o(.text)
    hal_timer_init_base                      0x080021c9   Thumb Code   148  hal_timer.o(.text)
    hal_timer_init_clock                     0x08002261   Thumb Code   124  hal_timer.o(.text)
    hal_timer_init_input                     0x080022dd   Thumb Code    74  hal_timer.o(.text)
    hal_timer_channel_set                    0x0800244f   Thumb Code   104  hal_timer.o(.text)
    hal_timer_init_output                    0x080024b9   Thumb Code   100  hal_timer.o(.text)
    hal_timer_compare_write                  0x08002525   Thumb Code   188  hal_timer.o(.text)
    hal_timer_start                          0x08002613   Thumb Code    18  hal_timer.o(.text)
    hal_timer_stop                           0x08002625   Thumb Code    18  hal_timer.o(.text)
    hal_timer_irq_set                        0x08002639   Thumb Code   140  hal_timer.o(.text)
    hal_timer_irq_status                     0x080026d5   Thumb Code    58  hal_timer.o(.text)
    hal_timer_dma_set                        0x0800270f   Thumb Code    44  hal_timer.o(.text)
    hal_timer_irq_clear                      0x0800273b   Thumb Code    20  hal_timer.o(.text)
    hal_timer_counter_read                   0x08002751   Thumb Code    48  hal_timer.o(.text)
    hal_timer_reload_write                   0x08002785   Thumb Code    52  hal_timer.o(.text)
    hal_timer_prescaler_write                0x080027bd   Thumb Code    68  hal_timer.o(.text)
    hal_timer_compare_read                   0x08002805   Thumb Code   184  hal_timer.o(.text)
    sprintf                                  0x080028c1   Thumb Code    40  sprintf.o(.text)
    __aeabi_uidiv                            0x080028ed   Thumb Code     0  aeabi_sdiv.o(.text)
    __aeabi_uidivmod                         0x080028ed   Thumb Code    20  aeabi_sdiv.o(.text)
    __aeabi_idiv                             0x08002901   Thumb Code     0  aeabi_sdiv.o(.text)
    __aeabi_idivmod                          0x08002901   Thumb Code   338  aeabi_sdiv.o(.text)
    _printf_pre_padding                      0x08002a59   Thumb Code    44  _printf_pad.o(.text)
    _printf_post_padding                     0x08002a85   Thumb Code    34  _printf_pad.o(.text)
    _printf_truncate_signed                  0x08002aa7   Thumb Code    18  _printf_truncate.o(.text)
    _printf_truncate_unsigned                0x08002ab9   Thumb Code    18  _printf_truncate.o(.text)
    _printf_str                              0x08002acb   Thumb Code    82  _printf_str.o(.text)
    _printf_int_dec                          0x08002b1d   Thumb Code    90  _printf_dec.o(.text)
    _printf_charcount                        0x08002b89   Thumb Code    38  _printf_charcount.o(.text)
    _printf_char_common                      0x08002bbb   Thumb Code    32  _printf_char_common.o(.text)
    _sputc                                   0x08002be1   Thumb Code    10  _sputc.o(.text)
    _printf_wctomb                           0x08002bed   Thumb Code   182  _printf_wctomb.o(.text)
    _printf_longlong_dec                     0x08002ca9   Thumb Code    94  _printf_longlong_dec.o(.text)
    _printf_longlong_oct                     0x08002d19   Thumb Code    68  _printf_oct_int_ll.o(.text)
    _printf_int_oct                          0x08002d5d   Thumb Code    24  _printf_oct_int_ll.o(.text)
    _printf_ll_oct                           0x08002d75   Thumb Code    10  _printf_oct_int_ll.o(.text)
    _printf_longlong_hex                     0x08002d89   Thumb Code    88  _printf_hex_int_ll_ptr.o(.text)
    _printf_int_hex                          0x08002de1   Thumb Code    28  _printf_hex_int_ll_ptr.o(.text)
    _printf_ll_hex                           0x08002dfd   Thumb Code    10  _printf_hex_int_ll_ptr.o(.text)
    _printf_hex_ptr                          0x08002e07   Thumb Code    22  _printf_hex_int_ll_ptr.o(.text)
    __printf                                 0x08002e21   Thumb Code   386  __printf_flags_ss_wp.o(.text)
    _ll_udiv10                               0x08002fa9   Thumb Code   122  lludiv10.o(.text)
    _printf_int_common                       0x08003023   Thumb Code   176  _printf_intcommon.o(.text)
    _printf_fp_dec_real                      0x08003271   Thumb Code   620  _printf_fp_dec.o(.text)
    _printf_fp_hex_real                      0x080034e9   Thumb Code   718  _printf_fp_hex.o(.text)
    _printf_cs_common                        0x080037c1   Thumb Code    22  _printf_char.o(.text)
    _printf_char                             0x080037d7   Thumb Code    16  _printf_char.o(.text)
    _printf_string                           0x080037e7   Thumb Code     8  _printf_char.o(.text)
    _printf_lcs_common                       0x080037ef   Thumb Code    22  _printf_wchar.o(.text)
    _printf_wchar                            0x08003805   Thumb Code    16  _printf_wchar.o(.text)
    _printf_wstring                          0x08003815   Thumb Code     8  _printf_wchar.o(.text)
    _c32rtomb                                0x0800381d   Thumb Code    66  _c32rtomb.o(.text)
    _wcrtomb                                 0x0800381d   Thumb Code     0  _c32rtomb.o(.text)
    __rt_udiv10                              0x0800385f   Thumb Code    40  rtudiv10.o(.text)
    __rt_ctype_table                         0x08003889   Thumb Code    16  rt_ctype_table.o(.text)
    __rt_locale                              0x08003899   Thumb Code     8  rt_locale.o(.text)
    _printf_fp_infnan                        0x080038a1   Thumb Code   120  _printf_fp_infnan.o(.text)
    _btod_etento                             0x08003929   Thumb Code   210  bigflt0.o(.text)
    _btod_d2e                                0x08003a01   Thumb Code    64  btod.o(.text)
    _btod_emul                               0x08003e35   Thumb Code    28  btod.o(.text)
    _btod_emuld                              0x08003e51   Thumb Code   144  btod.o(.text)
    _btod_ediv                               0x08003ee1   Thumb Code    26  btod.o(.text)
    _btod_edivd                              0x08003efb   Thumb Code   124  btod.o(.text)
    strcmp                                   0x08003f81   Thumb Code   132  strcmp.o(.text)
    __ARM_common_ll_muluu                    0x08004009   Thumb Code    48  btod.o(i.__ARM_common_ll_muluu)
    __ARM_fpclassify                         0x08004039   Thumb Code    40  fpclassify.o(i.__ARM_fpclassify)
    _is_digit                                0x08004065   Thumb Code    14  __printf_wp.o(i._is_digit)
    _get_lc_numeric                          0x08004075   Thumb Code    44  lc_numeric_c.o(locale$$code)
    _get_lc_ctype                            0x080040a1   Thumb Code    44  lc_ctype_c.o(locale$$code)
    _printf_fp_dec                           0x080040cd   Thumb Code    16  printf1.o(x$fpl$printf1)
    _printf_fp_hex                           0x080040dd   Thumb Code    16  printf2.o(x$fpl$printf2)
    __I$use$fp                               0x080040ec   Number         0  usenofp.o(x$fpl$usenofp)
    __ctype                                  0x08004245   Data           0  lc_ctype_c.o(locale$$data)
    Image$$ER_IROM1$$Limit                   0x08004348   Number         0  anon$$obj.o ABSOLUTE
    Image$$RW_IRAM1$$Base                    0x20000000   Number         0  anon$$obj.o ABSOLUTE
    Image$$RW_IRAM1$$ZI$$Base                0x20000008   Number         0  anon$$obj.o ABSOLUTE
    Stack_Mem                                0x20000040   Data        8192  startup_ctboard.o(STACK)
    Image$$RW_IRAM1$$ZI$$Limit               0x20002040   Number         0  anon$$obj.o ABSOLUTE



==============================================================================

Memory Map of the image

  Image Entry point : 0x08000759

  Load Region LR_IROM1 (Base: 0x08000000, Size: 0x00004350, Max: 0x00200000, ABSOLUTE)

    Execution Region ER_IROM1 (Exec base: 0x08000000, Load base: 0x08000000, Size: 0x00004348, Max: 0x00200000, ABSOLUTE)

    Exec Addr    Load Addr    Size         Type   Attr      Idx    E Section Name        Object

    0x08000000   0x08000000   0x000001ac   Data   RO           28    RESET               startup_ctboard.o
    0x080001ac   0x080001ac   0x00000002   Code   RO          177    .ARM.Collect$$_printf_percent$$00000000  c_pu.l(_printf_percent.o)
    0x080001ae   0x080001ae   0x0000000a   Code   RO          166    .ARM.Collect$$_printf_percent$$00000001  c_pu.l(_printf_n.o)
    0x080001b8   0x080001b8   0x0000000a   Code   RO          168    .ARM.Collect$$_printf_percent$$00000002  c_pu.l(_printf_p.o)
    0x080001c2   0x080001c2   0x0000000a   Code   RO          173    .ARM.Collect$$_printf_percent$$00000003  c_pu.l(_printf_f.o)
    0x080001cc   0x080001cc   0x0000000a   Code   RO          174    .ARM.Collect$$_printf_percent$$00000004  c_pu.l(_printf_e.o)
    0x080001d6   0x080001d6   0x0000000a   Code   RO          175    .ARM.Collect$$_printf_percent$$00000005  c_pu.l(_printf_g.o)
    0x080001e0   0x080001e0   0x0000000a   Code   RO          176    .ARM.Collect$$_printf_percent$$00000006  c_pu.l(_printf_a.o)
    0x080001ea   0x080001ea   0x0000000a   Code   RO          181    .ARM.Collect$$_printf_percent$$00000007  c_pu.l(_printf_ll.o)
    0x080001f4   0x080001f4   0x0000000a   Code   RO          170    .ARM.Collect$$_printf_percent$$00000008  c_pu.l(_printf_i.o)
    0x080001fe   0x080001fe   0x0000000a   Code   RO          171    .ARM.Collect$$_printf_percent$$00000009  c_pu.l(_printf_d.o)
    0x08000208   0x08000208   0x0000000a   Code   RO          172    .ARM.Collect$$_printf_percent$$0000000A  c_pu.l(_printf_u.o)
    0x08000212   0x08000212   0x0000000a   Code   RO          169    .ARM.Collect$$_printf_percent$$0000000B  c_pu.l(_printf_o.o)
    0x0800021c   0x0800021c   0x0000000a   Code   RO          167    .ARM.Collect$$_printf_percent$$0000000C  c_pu.l(_printf_x.o)
    0x08000226   0x08000226   0x0000000a   Code   RO          178    .ARM.Collect$$_printf_percent$$0000000D  c_pu.l(_printf_lli.o)
    0x08000230   0x08000230   0x0000000a   Code   RO          179    .ARM.Collect$$_printf_percent$$0000000E  c_pu.l(_printf_lld.o)
    0x0800023a   0x0800023a   0x0000000a   Code   RO          180    .ARM.Collect$$_printf_percent$$0000000F  c_pu.l(_printf_llu.o)
    0x08000244   0x08000244   0x0000000a   Code   RO          185    .ARM.Collect$$_printf_percent$$00000010  c_pu.l(_printf_llo.o)
    0x0800024e   0x0800024e   0x0000000a   Code   RO          186    .ARM.Collect$$_printf_percent$$00000011  c_pu.l(_printf_llx.o)
    0x08000258   0x08000258   0x0000000a   Code   RO          182    .ARM.Collect$$_printf_percent$$00000012  c_pu.l(_printf_l.o)
    0x08000262   0x08000262   0x0000000a   Code   RO          164    .ARM.Collect$$_printf_percent$$00000013  c_pu.l(_printf_c.o)
    0x0800026c   0x0800026c   0x0000000a   Code   RO          165    .ARM.Collect$$_printf_percent$$00000014  c_pu.l(_printf_s.o)
    0x08000276   0x08000276   0x0000000a   Code   RO          183    .ARM.Collect$$_printf_percent$$00000015  c_pu.l(_printf_lc.o)
    0x08000280   0x08000280   0x0000000a   Code   RO          184    .ARM.Collect$$_printf_percent$$00000016  c_pu.l(_printf_ls.o)
    0x0800028a   0x0800028a   0x00000004   Code   RO          214    .ARM.Collect$$_printf_percent$$00000017  c_pu.l(_printf_percent_end.o)
    0x0800028e   0x0800028e   0x00000000   Code   RO          282    .ARM.Collect$$libinit$$00000015  c_pu.l(libinit2.o)
    0x0800028e   0x0800028e   0x00000000   Code   RO          286    .ARM.Collect$$libinit$$00000019  c_pu.l(libinit2.o)
    0x0800028e   0x0800028e   0x00000002   PAD
    0x08000290   0x08000290   0x0000044c   Code   RO            1    .text               main.o
    0x080006dc   0x080006dc   0x0000007c   Code   RO           20    .text               datainit_ctboard.o
    0x08000758   0x08000758   0x00000024   Code   RO           29  * .text               startup_ctboard.o
    0x0800077c   0x0800077c   0x00000290   Code   RO           33    .text               system_ctboard.o
    0x08000a0c   0x08000a0c   0x000000c8   Code   RO           40    .text               hal_ct_lcd.o
    0x08000ad4   0x08000ad4   0x000002d8   Code   RO           48    .text               hal_fmc.o
    0x08000dac   0x08000dac   0x00000988   Code   RO           55    .text               hal_gpio.o
    0x08001734   0x08001734   0x00000154   Code   RO           62    .text               hal_pwr.o
    0x08001888   0x08001888   0x00000598   Code   RO           69    .text               hal_rcc.o
    0x08001e20   0x08001e20   0x00000aa0   Code   RO           76    .text               hal_timer.o
    0x080028c0   0x080028c0   0x0000002c   Code   RO           86    .text               c_pu.l(sprintf.o)
    0x080028ec   0x080028ec   0x0000016c   Code   RO           88    .text               c_pu.l(aeabi_sdiv.o)
    0x08002a58   0x08002a58   0x0000004e   Code   RO           98    .text               c_pu.l(_printf_pad.o)
    0x08002aa6   0x08002aa6   0x00000024   Code   RO          100    .text               c_pu.l(_printf_truncate.o)
    0x08002aca   0x08002aca   0x00000052   Code   RO          102    .text               c_pu.l(_printf_str.o)
    0x08002b1c   0x08002b1c   0x0000006c   Code   RO          104    .text               c_pu.l(_printf_dec.o)
    0x08002b88   0x08002b88   0x00000026   Code   RO          106    .text               c_pu.l(_printf_charcount.o)
    0x08002bae   0x08002bae   0x00000002   PAD
    0x08002bb0   0x08002bb0   0x00000030   Code   RO          108    .text               c_pu.l(_printf_char_common.o)
    0x08002be0   0x08002be0   0x0000000a   Code   RO          110    .text               c_pu.l(_sputc.o)
    0x08002bea   0x08002bea   0x00000002   PAD
    0x08002bec   0x08002bec   0x000000bc   Code   RO          112    .text               c_pu.l(_printf_wctomb.o)
    0x08002ca8   0x08002ca8   0x00000070   Code   RO          115    .text               c_pu.l(_printf_longlong_dec.o)
    0x08002d18   0x08002d18   0x00000070   Code   RO          121    .text               c_pu.l(_printf_oct_int_ll.o)
    0x08002d88   0x08002d88   0x00000098   Code   RO          141    .text               c_pu.l(_printf_hex_int_ll_ptr.o)
    0x08002e20   0x08002e20   0x00000188   Code   RO          161    .text               c_pu.l(__printf_flags_ss_wp.o)
    0x08002fa8   0x08002fa8   0x0000007a   Code   RO          197    .text               c_pu.l(lludiv10.o)
    0x08003022   0x08003022   0x000000b0   Code   RO          199    .text               c_pu.l(_printf_intcommon.o)
    0x080030d2   0x080030d2   0x00000002   PAD
    0x080030d4   0x080030d4   0x00000414   Code   RO          201    .text               c_pu.l(_printf_fp_dec.o)
    0x080034e8   0x080034e8   0x000002d8   Code   RO          205    .text               c_pu.l(_printf_fp_hex.o)
    0x080037c0   0x080037c0   0x0000002e   Code   RO          210    .text               c_pu.l(_printf_char.o)
    0x080037ee   0x080037ee   0x0000002e   Code   RO          212    .text               c_pu.l(_printf_wchar.o)
    0x0800381c   0x0800381c   0x00000042   Code   RO          215    .text               c_pu.l(_c32rtomb.o)
    0x0800385e   0x0800385e   0x00000028   Code   RO          217    .text               c_pu.l(rtudiv10.o)
    0x08003886   0x08003886   0x00000002   PAD
    0x08003888   0x08003888   0x00000010   Code   RO          219    .text               c_pu.l(rt_ctype_table.o)
    0x08003898   0x08003898   0x00000008   Code   RO          221    .text               c_pu.l(rt_locale.o)
    0x080038a0   0x080038a0   0x00000088   Code   RO          226    .text               c_pu.l(_printf_fp_infnan.o)
    0x08003928   0x08003928   0x000000d8   Code   RO          228    .text               c_pu.l(bigflt0.o)
    0x08003a00   0x08003a00   0x00000580   Code   RO          231    .text               c_pu.l(btod.o)
    0x08003f80   0x08003f80   0x00000088   Code   RO          263    .text               c_pu.l(strcmp.o)
    0x08004008   0x08004008   0x00000030   Code   RO          233    i.__ARM_common_ll_muluu  c_pu.l(btod.o)
    0x08004038   0x08004038   0x0000002c   Code   RO          247    i.__ARM_fpclassify  m_ps.l(fpclassify.o)
    0x08004064   0x08004064   0x0000000e   Code   RO          154    i._is_digit         c_pu.l(__printf_wp.o)
    0x08004072   0x08004072   0x00000002   PAD
    0x08004074   0x08004074   0x0000002c   Code   RO          238    locale$$code        c_pu.l(lc_numeric_c.o)
    0x080040a0   0x080040a0   0x0000002c   Code   RO          257    locale$$code        c_pu.l(lc_ctype_c.o)
    0x080040cc   0x080040cc   0x00000010   Code   RO          187    x$fpl$printf1       fz_ps.l(printf1.o)
    0x080040dc   0x080040dc   0x00000010   Code   RO          189    x$fpl$printf2       fz_ps.l(printf2.o)
    0x080040ec   0x080040ec   0x00000000   Code   RO          246    x$fpl$usenofp       fz_ps.l(usenofp.o)
    0x080040ec   0x080040ec   0x00000008   Data   RO          113    .constdata          c_pu.l(_printf_wctomb.o)
    0x080040f4   0x080040f4   0x00000028   Data   RO          142    .constdata          c_pu.l(_printf_hex_int_ll_ptr.o)
    0x0800411c   0x0800411c   0x00000011   Data   RO          162    .constdata          c_pu.l(__printf_flags_ss_wp.o)
    0x0800412d   0x0800412d   0x00000026   Data   RO          206    .constdata          c_pu.l(_printf_fp_hex.o)
    0x08004153   0x08004153   0x00000001   PAD
    0x08004154   0x08004154   0x00000094   Data   RO          229    .constdata          c_pu.l(bigflt0.o)
    0x080041e8   0x080041e8   0x0000001c   Data   RO           13    .rodata.str1.1      main.o
    0x08004204   0x08004204   0x00000015   Data   RO           42    .rodata.str1.1      hal_ct_lcd.o
    0x08004219   0x08004219   0x00000003   PAD
    0x0800421c   0x0800421c   0x0000001c   Data   RO          237    locale$$data        c_pu.l(lc_numeric_c.o)
    0x08004238   0x08004238   0x00000110   Data   RO          256    locale$$data        c_pu.l(lc_ctype_c.o)


    Execution Region RW_IRAM1 (Exec base: 0x20000000, Load base: 0x08004348, Size: 0x00002040, Max: 0x00030000, ABSOLUTE)

    Exec Addr    Load Addr    Size         Type   Attr      Idx    E Section Name        Object

    0x20000000   0x08004348   0x00000004   Data   RW            6    .data.min_latency   main.o
    0x20000004   0x0800434c   0x00000004   PAD
    0x20000008        -       0x00000014   Zero   RW          222    .bss                c_pu.l(rt_locale.o)
    0x2000001c        -       0x00000004   Zero   RW            9    .bss.avg_latency    main.o
    0x20000020        -       0x00000004   Zero   RW           11    .bss.avg_tisr       main.o
    0x20000024        -       0x00000004   Zero   RW           12    .bss.dummy_counter  main.o
    0x20000028        -       0x00000004   Zero   RW            7    .bss.max_latency    main.o
    0x2000002c        -       0x00000004   Zero   RW            3    .bss.measurement_done  main.o
    0x20000030        -       0x00000004   Zero   RW            8    .bss.sum_latency    main.o
    0x20000034        -       0x00000004   Zero   RW           10    .bss.sum_tisr       main.o
    0x20000038        -       0x00000004   Zero   RW            5    .bss.tim2_interrupt_counter  main.o
    0x2000003c        -       0x00000004   Zero   RW            4    .bss.tim3_interrupt_counter  main.o
    0x20000040        -       0x00002000   Zero   RW           26    STACK               startup_ctboard.o


==============================================================================

Image component sizes


      Code (inc. data)   RO Data    RW Data    ZI Data      Debug   Object Name

       124         50          0          0          0        520   datainit_ctboard.o
       200         20         21          0          0       2503   hal_ct_lcd.o
       728        100          0          0          0       3240   hal_fmc.o
      2440        124          0          0          0       8463   hal_gpio.o
       340         24          0          0          0       1966   hal_pwr.o
      1432        280          0          0          0       4812   hal_rcc.o
      2720        192          0          0          0      10947   hal_timer.o
      1100        192         28          4         36       5998   main.o
        36          8        428          0       8192        888   startup_ctboard.o
       656         64          0          0          0       6828   system_ctboard.o

    ----------------------------------------------------------------------
      9776       1054        480          4       8232      46165   Object Totals
         0          0          0          0          0          0   (incl. Generated)
         0          0          3          0          4          0   (incl. Padding)

    ----------------------------------------------------------------------

      Code (inc. data)   RO Data    RW Data    ZI Data      Debug   Library Member Name

       392          6         17          0          0         76   __printf_flags_ss_wp.o
        14          0          0          0          0         60   __printf_wp.o
        66          0          0          0          0         76   _c32rtomb.o
        10          0          0          0          0          0   _printf_a.o
        10          0          0          0          0          0   _printf_c.o
        46          0          0          0          0        100   _printf_char.o
        48          6          0          0          0         88   _printf_char_common.o
        38          0          0          0          0         60   _printf_charcount.o
        10          0          0          0          0          0   _printf_d.o
       108         18          0          0          0         76   _printf_dec.o
        10          0          0          0          0          0   _printf_e.o
        10          0          0          0          0          0   _printf_f.o
      1044         12          0          0          0        116   _printf_fp_dec.o
       728         10         38          0          0         84   _printf_fp_hex.o
       136         16          0          0          0         76   _printf_fp_infnan.o
        10          0          0          0          0          0   _printf_g.o
       152          4         40          0          0        148   _printf_hex_int_ll_ptr.o
        10          0          0          0          0          0   _printf_i.o
       176          0          0          0          0         84   _printf_intcommon.o
        10          0          0          0          0          0   _printf_l.o
        10          0          0          0          0          0   _printf_lc.o
        10          0          0          0          0          0   _printf_ll.o
        10          0          0          0          0          0   _printf_lld.o
        10          0          0          0          0          0   _printf_lli.o
        10          0          0          0          0          0   _printf_llo.o
        10          0          0          0          0          0   _printf_llu.o
        10          0          0          0          0          0   _printf_llx.o
       112         18          0          0          0         76   _printf_longlong_dec.o
        10          0          0          0          0          0   _printf_ls.o
        10          0          0          0          0          0   _printf_n.o
        10          0          0          0          0          0   _printf_o.o
       112         10          0          0          0        112   _printf_oct_int_ll.o
        10          0          0          0          0          0   _printf_p.o
        78          0          0          0          0        100   _printf_pad.o
         2          0          0          0          0          0   _printf_percent.o
         4          0          0          0          0          0   _printf_percent_end.o
        10          0          0          0          0          0   _printf_s.o
        82          0          0          0          0         72   _printf_str.o
        36          0          0          0          0         76   _printf_truncate.o
        10          0          0          0          0          0   _printf_u.o
        46          0          0          0          0        100   _printf_wchar.o
       188          6          8          0          0         80   _printf_wctomb.o
        10          0          0          0          0          0   _printf_x.o
        10          0          0          0          0         60   _sputc.o
       364          4          0          0          0         92   aeabi_sdiv.o
       216          6        148          0          0         80   bigflt0.o
      1456         30          0          0          0        336   btod.o
        44         10        272          0          0         76   lc_ctype_c.o
        44         10         28          0          0         76   lc_numeric_c.o
         0          0          0          0          0          0   libinit2.o
       122          0          0          0          0         72   lludiv10.o
        16          4          0          0          0         76   rt_ctype_table.o
         8          4          0          0         20         68   rt_locale.o
        40          0          0          0          0         60   rtudiv10.o
        44          4          0          0          0         84   sprintf.o
       136          4          0          0          0         72   strcmp.o
        16          4          0          0          0         76   printf1.o
        16          4          0          0          0         76   printf2.o
         0          0          0          0          0          0   usenofp.o
        44          4          0          0          0         60   fpclassify.o

    ----------------------------------------------------------------------
      6416        194        552          0         20       3024   Library Totals
        12          0          1          0          0          0   (incl. Padding)

    ----------------------------------------------------------------------

      Code (inc. data)   RO Data    RW Data    ZI Data      Debug   Library Name

      6328        182        551          0         20       2812   c_pu.l
        32          8          0          0          0        152   fz_ps.l
        44          4          0          0          0         60   m_ps.l

    ----------------------------------------------------------------------
      6416        194        552          0         20       3024   Library Totals

    ----------------------------------------------------------------------

==============================================================================


      Code (inc. data)   RO Data    RW Data    ZI Data      Debug   

     16192       1248       1032          4       8252      47445   Grand Totals
     16192       1248       1032          4       8252      47445   ELF Image Totals
     16192       1248       1032          4          0          0   ROM Totals

==============================================================================

    Total RO  Size (Code + RO Data)                17224 (  16.82kB)
    Total RW  Size (RW Data + ZI Data)              8256 (   8.06kB)
    Total ROM Size (Code + RO Data + RW Data)      17228 (  16.82kB)

==============================================================================

