<html>
<body>
<pre>
<h1>µVision Build Log</h1>
<h2>Tool Versions:</h2>
IDE-Version: µVision V5.37.0.0
Copyright (C) 2022 ARM Ltd and ARM Germany GmbH. All rights reserved.
License Information: Armando Shala, RSA, LIC=----
 
Tool Versions:
Toolchain:       MDK-Lite  Version: 5.37.0.0
Toolchain Path:  C:\Keil_v5\ARM\ARMCLANG\Bin
C Compiler:      ArmClang.exe V6.18
Assembler:       Armasm.exe V6.18
Linker/Locator:  ArmLink.exe V6.18
Library Manager: ArmAr.exe V6.18
Hex Converter:   FromElf.exe V6.18
CPU DLL:         SARMCM3.DLL V5.37.0.0
Dialog DLL:      DARMCM1.DLL V1.19.6.0
Target DLL:      STLink\ST-LINKIII-KEIL_SWO.dll V3.0.9.0
Dialog DLL:      TARMCM1.DLL V1.14.6.0
 
<h2>Project:</h2>
\\Mac\iCloud\Development\zhaw\CLionProjects\demainic\CT2\Praktikum 11\Lab Interrupt Performance\lab_interrupt_performance\project\interrupt_latency.uvprojx
Project File Date:  05/13/2023

<h2>Output:</h2>
*** Using Compiler 'V6.18', folder: 'C:\Keil_v5\ARM\ARMCLANG\Bin'
Rebuild target 'Interrupt_latency'
assembling datainit_ctboard.s...
assembling startup_ctboard.s...
app/main.c(174): warning: implicit conversion loses integer precision: 'volatile uint32_t' (aka 'volatile unsigned int') to 'uint16_t' (aka 'unsigned short') [-Wimplicit-int-conversion]
    uint16_t latency = TIM2->CNT;
             ~~~~~~~   ~~~~~~^~~
app/main.c(250): warning: mixing declarations and code is incompatible with standards before C99 [-Wdeclaration-after-statement]
                char lcdtext[128];
                     ^
app/main.c(230): warning: unused variable 'ret_val' [-Wunused-variable]
    char ret_val[STRING_LENGTH_FOR_32BIT];
         ^
app/main.c(231): warning: unused variable 'length' [-Wunused-variable]
    uint8_t length = 0;
            ^
app/main.c(278): warning: unused function 'convert_uint32_t_to_string' [-Wunused-function]
static uint8_t convert_uint32_t_to_string(char ret_val[], uint32_t value)
               ^
5 warnings generated.
compiling main.c...
compiling system_ctboard.c...
compiling hal_ct_lcd.c...
compiling hal_fmc.c...
compiling hal_pwr.c...
compiling hal_gpio.c...
compiling hal_rcc.c...
compiling hal_timer.c...
linking...
Program Size: Code=16192 RO-data=1032 RW-data=4 ZI-data=8252  
".\build\interrupt_latency.axf" - 0 Error(s), 5 Warning(s).

<h2>Software Packages used:</h2>

Package Vendor: ARM
                http://www.keil.com/pack/ARM.CMSIS.5.9.0.pack
                ARM.CMSIS.5.9.0
                CMSIS (Common Microcontroller Software Interface Standard)
   * Component: CORE Version: 5.6.0

Package Vendor: InES
                https://ennis.zhaw.ch/pack/InES.CTBoard14_DFP.4.0.3.pack
                InES.CTBoard14_DFP.4.0.3
                CT Board 14 (STM32F429ZI) Device Support
   * Component: Startup Version: 4.0.3
   * Component: LCD Version: 3.0.3
   * Component: FMC Version: 3.0.1
   * Component: GPIO Version: 4.0.1
   * Component: PWR Version: 2.2.0
   * Component: RCC Version: 4.0.1
   * Component: TIMER Version: 4.0.1

<h2>Collection of Component include folders:</h2>
  ./RTE/_Interrupt_latency
  C:/Users/armandoshala/AppData/Local/Arm/Packs/ARM/CMSIS/5.9.0/CMSIS/Core/Include
  C:/Users/armandoshala/AppData/Local/Arm/Packs/InES/CTBoard14_DFP/4.0.3/Device/Include
  C:/Users/armandoshala/AppData/Local/Arm/Packs/InES/CTBoard14_DFP/4.0.3/Device/Include/m0
  C:/Users/armandoshala/AppData/Local/Arm/Packs/InES/CTBoard14_DFP/4.0.3/HAL/Include

<h2>Collection of Component Files used:</h2>

   * Component: ARM::CMSIS:CORE:5.6.0

   * Component: InES::Device:Startup:4.0.3
      Include file:  Device/Include/reg_stm32f4xx.h
      Source file:   Device/Source/system_ctboard.c
      Source file:   Device/Source/datainit_ctboard.s
      Include file:  Device/Include/m0/platform_ctboard.h
      Include file:  Device/Include/system_ctboard.h
      Include file:  Device/Include/reg_ctboard.h
      Source file:   Device/Source/startup_ctboard.s

   * Component: InES::HAL:CT Board:LCD:3.0.3
      Include file:  Device/Include/reg_ctboard.h
      Source file:   HAL/Source/hal_ct_lcd.c
      Include file:  HAL/Include/hal_ct_lcd.h

   * Component: InES::HAL:FMC:3.0.1
      Include file:  HAL/Include/hal_fmc.h
      Source file:   HAL/Source/hal_fmc.c
      Include file:  HAL/Include/hal_common.h
      Include file:  Device/Include/reg_stm32f4xx.h

   * Component: InES::HAL:GPIO:4.0.1
      Include file:  Device/Include/reg_stm32f4xx.h
      Include file:  HAL/Include/hal_common.h
      Include file:  HAL/Include/hal_gpio.h
      Source file:   HAL/Source/hal_gpio.c

   * Component: InES::HAL:PWR:2.2.0
      Include file:  Device/Include/reg_stm32f4xx.h
      Include file:  HAL/Include/hal_pwr.h
      Source file:   HAL/Source/hal_pwr.c
      Include file:  HAL/Include/hal_common.h

   * Component: InES::HAL:RCC:4.0.1
      Include file:  HAL/Include/hal_common.h
      Include file:  Device/Include/reg_stm32f4xx.h
      Include file:  HAL/Include/hal_rcc.h
      Source file:   HAL/Source/hal_rcc.c

   * Component: InES::HAL:TIMER:4.0.1
      Include file:  HAL/Include/hal_common.h
      Include file:  HAL/Include/hal_timer.h
      Include file:  Device/Include/reg_stm32f4xx.h
      Source file:   HAL/Source/hal_timer.c
Build Time Elapsed:  00:00:01
</pre>
</body>
</html>
